Component: Arm Compiler for Embedded 6.22 Tool: armlink [5ee90200]

==============================================================================

Section Cross References

    startup_stm32f103xb.o(RESET) refers to startup_stm32f103xb.o(STACK) for __initial_sp
    startup_stm32f103xb.o(RESET) refers to startup_stm32f103xb.o(.text) for Reset_Handler
    startup_stm32f103xb.o(RESET) refers to stm32f1xx_it.o(.text.NMI_Handler) for NMI_Handler
    startup_stm32f103xb.o(RESET) refers to stm32f1xx_it.o(.text.HardFault_Handler) for HardFault_Handler
    startup_stm32f103xb.o(RESET) refers to stm32f1xx_it.o(.text.MemManage_Handler) for MemManage_Handler
    startup_stm32f103xb.o(RESET) refers to stm32f1xx_it.o(.text.BusFault_Handler) for BusFault_Handler
    startup_stm32f103xb.o(RESET) refers to stm32f1xx_it.o(.text.UsageFault_Handler) for UsageFault_Handler
    startup_stm32f103xb.o(RESET) refers to stm32f1xx_it.o(.text.SVC_Handler) for SVC_Handler
    startup_stm32f103xb.o(RESET) refers to stm32f1xx_it.o(.text.DebugMon_Handler) for DebugMon_Handler
    startup_stm32f103xb.o(RESET) refers to stm32f1xx_it.o(.text.PendSV_Handler) for PendSV_Handler
    startup_stm32f103xb.o(RESET) refers to stm32f1xx_it.o(.text.SysTick_Handler) for SysTick_Handler
    startup_stm32f103xb.o(RESET) refers to stm32f1xx_it.o(.text.DMA1_Channel2_IRQHandler) for DMA1_Channel2_IRQHandler
    startup_stm32f103xb.o(RESET) refers to stm32f1xx_it.o(.text.DMA1_Channel3_IRQHandler) for DMA1_Channel3_IRQHandler
    startup_stm32f103xb.o(RESET) refers to stm32f1xx_it.o(.text.DMA1_Channel4_IRQHandler) for DMA1_Channel4_IRQHandler
    startup_stm32f103xb.o(RESET) refers to stm32f1xx_it.o(.text.DMA1_Channel5_IRQHandler) for DMA1_Channel5_IRQHandler
    startup_stm32f103xb.o(RESET) refers to stm32f1xx_it.o(.text.DMA1_Channel6_IRQHandler) for DMA1_Channel6_IRQHandler
    startup_stm32f103xb.o(RESET) refers to stm32f1xx_it.o(.text.DMA1_Channel7_IRQHandler) for DMA1_Channel7_IRQHandler
    startup_stm32f103xb.o(RESET) refers to stm32f1xx_it.o(.text.TIM2_IRQHandler) for TIM2_IRQHandler
    startup_stm32f103xb.o(RESET) refers to stm32f1xx_it.o(.text.USART1_IRQHandler) for USART1_IRQHandler
    startup_stm32f103xb.o(RESET) refers to stm32f1xx_it.o(.text.USART2_IRQHandler) for USART2_IRQHandler
    startup_stm32f103xb.o(RESET) refers to stm32f1xx_it.o(.text.USART3_IRQHandler) for USART3_IRQHandler
    startup_stm32f103xb.o(.text) refers to system_stm32f1xx.o(.text.SystemInit) for SystemInit
    startup_stm32f103xb.o(.text) refers to entry.o(.ARM.Collect$$$$00000000) for __main
    main.o(.text.main) refers to stm32f1xx_hal.o(.text.HAL_Init) for HAL_Init
    main.o(.text.main) refers to main.o(.text.SystemClock_Config) for SystemClock_Config
    main.o(.text.main) refers to gpio.o(.text.MX_GPIO_Init) for MX_GPIO_Init
    main.o(.text.main) refers to dma.o(.text.MX_DMA_Init) for MX_DMA_Init
    main.o(.text.main) refers to tim.o(.text.MX_TIM2_Init) for MX_TIM2_Init
    main.o(.text.main) refers to usart.o(.text.MX_USART1_UART_Init) for MX_USART1_UART_Init
    main.o(.text.main) refers to usart.o(.text.MX_USART2_UART_Init) for MX_USART2_UART_Init
    main.o(.text.main) refers to usart.o(.text.MX_USART3_UART_Init) for MX_USART3_UART_Init
    main.o(.text.main) refers to usart.o(.bss.huart1) for huart1
    main.o(.text.main) refers to usart.o(.bss.uart1_data) for uart1_data
    main.o(.text.main) refers to stm32f1xx_hal_uart.o(.text.HAL_UART_Receive_DMA) for HAL_UART_Receive_DMA
    main.o(.text.main) refers to usart.o(.bss.huart2) for huart2
    main.o(.text.main) refers to usart.o(.bss.uart2_data) for uart2_data
    main.o(.text.main) refers to usart.o(.bss.huart3) for huart3
    main.o(.text.main) refers to usart.o(.bss.uart3_data) for uart3_data
    main.o(.text.main) refers to main.o(.text.WiFi_Init) for WiFi_Init
    main.o(.text.main) refers to tim.o(.bss.htim2) for htim2
    main.o(.text.main) refers to stm32f1xx_hal_tim.o(.text.HAL_TIM_Base_Start_IT) for HAL_TIM_Base_Start_IT
    main.o(.text.main) refers to main.o(.bss.directional_sign) for directional_sign
    main.o(.text.main) refers to memseta.o(.text) for __aeabi_memclr
    main.o(.text.main) refers to strlen.o(.text) for strlen
    main.o(.text.main) refers to main.o(.rodata.str1.1) for .L.str
    main.o(.text.main) refers to main.o(.bss.temp) for temp
    main.o(.text.main) refers to main.o(.text.split) for split
    main.o(.text.main) refers to atof.o(i.atof) for atof
    main.o(.text.main) refers to ddiv.o(.text) for __aeabi_ddiv
    main.o(.text.main) refers to d2f.o(.text) for __aeabi_d2f
    main.o(.text.main) refers to main.o(.bss.weidu) for weidu
    main.o(.text.main) refers to main.o(.bss.jingdu) for jingdu
    main.o(.text.main) refers to tim.o(.bss.flag_500ms) for flag_500ms
    main.o(.text.main) refers to main.o(.text.WiFi_Proc) for WiFi_Proc
    main.o(.ARM.exidx.text.main) refers to main.o(.text.main) for [Anonymous Symbol]
[...]
    Removing stm32f1xx_hal_flash_ex.o(.ARM.exidx.text.FLASH_OB_RDP_LevelConfig), (8 bytes).
    Removing stm32f1xx_hal_flash_ex.o(.text.HAL_FLASHEx_OBProgram), (354 bytes).
    Removing stm32f1xx_hal_flash_ex.o(.ARM.exidx.text.HAL_FLASHEx_OBProgram), (8 bytes).
    Removing stm32f1xx_hal_flash_ex.o(.text.FLASH_OB_EnableWRP), (370 bytes).
    Removing stm32f1xx_hal_flash_ex.o(.ARM.exidx.text.FLASH_OB_EnableWRP), (8 bytes).
    Removing stm32f1xx_hal_flash_ex.o(.text.FLASH_OB_DisableWRP), (364 bytes).
    Removing stm32f1xx_hal_flash_ex.o(.ARM.exidx.text.FLASH_OB_DisableWRP), (8 bytes).
    Removing stm32f1xx_hal_flash_ex.o(.text.FLASH_OB_UserConfig), (114 bytes).
    Removing stm32f1xx_hal_flash_ex.o(.ARM.exidx.text.FLASH_OB_UserConfig), (8 bytes).
    Removing stm32f1xx_hal_flash_ex.o(.text.FLASH_OB_ProgramData), (106 bytes).
    Removing stm32f1xx_hal_flash_ex.o(.ARM.exidx.text.FLASH_OB_ProgramData), (8 bytes).
    Removing stm32f1xx_hal_flash_ex.o(.text.HAL_FLASHEx_OBGetConfig), (40 bytes).
    Removing stm32f1xx_hal_flash_ex.o(.ARM.exidx.text.HAL_FLASHEx_OBGetConfig), (8 bytes).
    Removing stm32f1xx_hal_flash_ex.o(.text.FLASH_OB_GetWRP), (12 bytes).
    Removing stm32f1xx_hal_flash_ex.o(.ARM.exidx.text.FLASH_OB_GetWRP), (8 bytes).
    Removing stm32f1xx_hal_flash_ex.o(.text.FLASH_OB_GetUser), (16 bytes).
    Removing stm32f1xx_hal_flash_ex.o(.ARM.exidx.text.FLASH_OB_GetUser), (8 bytes).
    Removing stm32f1xx_hal_flash_ex.o(.text.HAL_FLASHEx_OBGetUserData), (66 bytes).
    Removing stm32f1xx_hal_flash_ex.o(.ARM.exidx.text.HAL_FLASHEx_OBGetUserData), (8 bytes).
    Removing stm32f1xx_hal_exti.o(.text), (0 bytes).
    Removing stm32f1xx_hal_exti.o(.text.HAL_EXTI_SetConfigLine), (356 bytes).
    Removing stm32f1xx_hal_exti.o(.ARM.exidx.text.HAL_EXTI_SetConfigLine), (8 bytes).
    Removing stm32f1xx_hal_exti.o(.text.HAL_EXTI_GetConfigLine), (264 bytes).
    Removing stm32f1xx_hal_exti.o(.ARM.exidx.text.HAL_EXTI_GetConfigLine), (8 bytes).
    Removing stm32f1xx_hal_exti.o(.text.HAL_EXTI_ClearConfigLine), (194 bytes).
    Removing stm32f1xx_hal_exti.o(.ARM.exidx.text.HAL_EXTI_ClearConfigLine), (8 bytes).
    Removing stm32f1xx_hal_exti.o(.text.HAL_EXTI_RegisterCallback), (48 bytes).
    Removing stm32f1xx_hal_exti.o(.ARM.exidx.text.HAL_EXTI_RegisterCallback), (8 bytes).
    Removing stm32f1xx_hal_exti.o(.text.HAL_EXTI_GetHandle), (42 bytes).
    Removing stm32f1xx_hal_exti.o(.ARM.exidx.text.HAL_EXTI_GetHandle), (8 bytes).
    Removing stm32f1xx_hal_exti.o(.text.HAL_EXTI_IRQHandler), (76 bytes).
    Removing stm32f1xx_hal_exti.o(.ARM.exidx.text.HAL_EXTI_IRQHandler), (8 bytes).
    Removing stm32f1xx_hal_exti.o(.text.HAL_EXTI_GetPending), (50 bytes).
    Removing stm32f1xx_hal_exti.o(.ARM.exidx.text.HAL_EXTI_GetPending), (8 bytes).
    Removing stm32f1xx_hal_exti.o(.text.HAL_EXTI_ClearPending), (36 bytes).
    Removing stm32f1xx_hal_exti.o(.ARM.exidx.text.HAL_EXTI_ClearPending), (8 bytes).
    Removing stm32f1xx_hal_exti.o(.text.HAL_EXTI_GenerateSWI), (34 bytes).
    Removing stm32f1xx_hal_exti.o(.ARM.exidx.text.HAL_EXTI_GenerateSWI), (8 bytes).
    Removing stm32f1xx_hal_uart.o(.text), (0 bytes).
    Removing stm32f1xx_hal_uart.o(.ARM.exidx.text.HAL_UART_Init), (8 bytes).
    Removing stm32f1xx_hal_uart.o(.text.HAL_UART_MspInit), (8 bytes).
    Removing stm32f1xx_hal_uart.o(.ARM.exidx.text.HAL_UART_MspInit), (8 bytes).
    Removing stm32f1xx_hal_uart.o(.ARM.exidx.text.UART_SetConfig), (8 bytes).
    Removing stm32f1xx_hal_uart.o(.text.HAL_HalfDuplex_Init), (154 bytes).
    Removing stm32f1xx_hal_uart.o(.ARM.exidx.text.HAL_HalfDuplex_Init), (8 bytes).
    Removing stm32f1xx_hal_uart.o(.text.HAL_LIN_Init), (180 bytes).
    Removing stm32f1xx_hal_uart.o(.ARM.exidx.text.HAL_LIN_Init), (8 bytes).
    Removing stm32f1xx_hal_uart.o(.text.HAL_MultiProcessor_Init), (198 bytes).
    Removing stm32f1xx_hal_uart.o(.ARM.exidx.text.HAL_MultiProcessor_Init), (8 bytes).
    Removing stm32f1xx_hal_uart.o(.text.HAL_UART_DeInit), (96 bytes).
    Removing stm32f1xx_hal_uart.o(.ARM.exidx.text.HAL_UART_DeInit), (8 bytes).
    Removing stm32f1xx_hal_uart.o(.text.HAL_UART_MspDeInit), (8 bytes).
    Removing stm32f1xx_hal_uart.o(.ARM.exidx.text.HAL_UART_MspDeInit), (8 bytes).
    Removing stm32f1xx_hal_uart.o(.text.HAL_UART_Transmit), (334 bytes).
    Removing stm32f1xx_hal_uart.o(.ARM.exidx.text.HAL_UART_Transmit), (8 bytes).
    Removing stm32f1xx_hal_uart.o(.text.UART_WaitOnFlagUntilTimeout), (156 bytes).
    Removing stm32f1xx_hal_uart.o(.ARM.exidx.text.UART_WaitOnFlagUntilTimeout), (8 bytes).
    Removing stm32f1xx_hal_uart.o(.text.HAL_UART_Receive), (356 bytes).
    Removing stm32f1xx_hal_uart.o(.ARM.exidx.text.HAL_UART_Receive), (8 bytes).
    Removing stm32f1xx_hal_uart.o(.text.HAL_UART_Transmit_IT), (162 bytes).
    Removing stm32f1xx_hal_uart.o(.ARM.exidx.text.HAL_UART_Transmit_IT), (8 bytes).
    Removing stm32f1xx_hal_uart.o(.text.HAL_UART_Receive_IT), (120 bytes).
    Removing stm32f1xx_hal_uart.o(.ARM.exidx.text.HAL_UART_Receive_IT), (8 bytes).
    Removing stm32f1xx_hal_uart.o(.text.UART_Start_Receive_IT), (100 bytes).
    Removing stm32f1xx_hal_uart.o(.ARM.exidx.text.UART_Start_Receive_IT), (8 bytes).
    Removing stm32f1xx_hal_uart.o(.ARM.exidx.text.HAL_UART_Transmit_DMA), (8 bytes).
    Removing stm32f1xx_hal_uart.o(.ARM.exidx.text.UART_DMATransmitCplt), (8 bytes).
    Removing stm32f1xx_hal_uart.o(.ARM.exidx.text.UART_DMATxHalfCplt), (8 bytes).
    Removing stm32f1xx_hal_uart.o(.ARM.exidx.text.UART_DMAError), (8 bytes).
    Removing stm32f1xx_hal_uart.o(.ARM.exidx.text.HAL_UART_Receive_DMA), (8 bytes).
    Removing stm32f1xx_hal_uart.o(.ARM.exidx.text.UART_Start_Receive_DMA), (8 bytes).
    Removing stm32f1xx_hal_uart.o(.text.HAL_UART_DMAPause), (182 bytes).
    Removing stm32f1xx_hal_uart.o(.ARM.exidx.text.HAL_UART_DMAPause), (8 bytes).
    Removing stm32f1xx_hal_uart.o(.text.HAL_UART_DMAResume), (168 bytes).
    Removing stm32f1xx_hal_uart.o(.ARM.exidx.text.HAL_UART_DMAResume), (8 bytes).
    Removing stm32f1xx_hal_uart.o(.ARM.exidx.text.HAL_UART_DMAStop), (8 bytes).
    Removing stm32f1xx_hal_uart.o(.ARM.exidx.text.UART_EndTxTransfer), (8 bytes).
    Removing stm32f1xx_hal_uart.o(.ARM.exidx.text.UART_EndRxTransfer), (8 bytes).
    Removing stm32f1xx_hal_uart.o(.text.HAL_UARTEx_ReceiveToIdle), (484 bytes).
    Removing stm32f1xx_hal_uart.o(.ARM.exidx.text.HAL_UARTEx_ReceiveToIdle), (8 bytes).
    Removing stm32f1xx_hal_uart.o(.text.HAL_UARTEx_ReceiveToIdle_IT), (196 bytes).
    Removing stm32f1xx_hal_uart.o(.ARM.exidx.text.HAL_UARTEx_ReceiveToIdle_IT), (8 bytes).
    Removing stm32f1xx_hal_uart.o(.text.HAL_UARTEx_ReceiveToIdle_DMA), (196 bytes).
    Removing stm32f1xx_hal_uart.o(.ARM.exidx.text.HAL_UARTEx_ReceiveToIdle_DMA), (8 bytes).
    Removing stm32f1xx_hal_uart.o(.text.HAL_UART_Abort), (276 bytes).
    Removing stm32f1xx_hal_uart.o(.ARM.exidx.text.HAL_UART_Abort), (8 bytes).
    Removing stm32f1xx_hal_uart.o(.text.HAL_UART_AbortTransmit), (134 bytes).
    Removing stm32f1xx_hal_uart.o(.ARM.exidx.text.HAL_UART_AbortTransmit), (8 bytes).
    Removing stm32f1xx_hal_uart.o(.text.HAL_UART_AbortReceive), (174 bytes).
    Removing stm32f1xx_hal_uart.o(.ARM.exidx.text.HAL_UART_AbortReceive), (8 bytes).
    Removing stm32f1xx_hal_uart.o(.text.HAL_UART_Abort_IT), (348 bytes).
    Removing stm32f1xx_hal_uart.o(.ARM.exidx.text.HAL_UART_Abort_IT), (8 bytes).
    Removing stm32f1xx_hal_uart.o(.text.UART_DMATxAbortCallback), (86 bytes).
    Removing stm32f1xx_hal_uart.o(.ARM.exidx.text.UART_DMATxAbortCallback), (8 bytes).
    Removing stm32f1xx_hal_uart.o(.text.UART_DMARxAbortCallback), (86 bytes).
    Removing stm32f1xx_hal_uart.o(.ARM.exidx.text.UART_DMARxAbortCallback), (8 bytes).
    Removing stm32f1xx_hal_uart.o(.text.HAL_UART_AbortCpltCallback), (8 bytes).
    Removing stm32f1xx_hal_uart.o(.ARM.exidx.text.HAL_UART_AbortCpltCallback), (8 bytes).
    Removing stm32f1xx_hal_uart.o(.text.HAL_UART_AbortTransmit_IT), (142 bytes).
    Removing stm32f1xx_hal_uart.o(.ARM.exidx.text.HAL_UART_AbortTransmit_IT), (8 bytes).
    Removing stm32f1xx_hal_uart.o(.text.UART_DMATxOnlyAbortCallback), (36 bytes).
    Removing stm32f1xx_hal_uart.o(.ARM.exidx.text.UART_DMATxOnlyAbortCallback), (8 bytes).
    Removing stm32f1xx_hal_uart.o(.text.HAL_UART_AbortTransmitCpltCallback), (8 bytes).
    Removing stm32f1xx_hal_uart.o(.ARM.exidx.text.HAL_UART_AbortTransmitCpltCallback), (8 bytes).
    Removing stm32f1xx_hal_uart.o(.text.HAL_UART_AbortReceive_IT), (186 bytes).
    Removing stm32f1xx_hal_uart.o(.ARM.exidx.text.HAL_UART_AbortReceive_IT), (8 bytes).
    Removing stm32f1xx_hal_uart.o(.text.UART_DMARxOnlyAbortCallback), (40 bytes).
    Removing stm32f1xx_hal_uart.o(.ARM.exidx.text.UART_DMARxOnlyAbortCallback), (8 bytes).
    Removing stm32f1xx_hal_uart.o(.text.HAL_UART_AbortReceiveCpltCallback), (8 bytes).
    Removing stm32f1xx_hal_uart.o(.ARM.exidx.text.HAL_UART_AbortReceiveCpltCallback), (8 bytes).
    Removing stm32f1xx_hal_uart.o(.ARM.exidx.text.HAL_UART_IRQHandler), (8 bytes).
    Removing stm32f1xx_hal_uart.o(.ARM.exidx.text.UART_Receive_IT), (8 bytes).
    Removing stm32f1xx_hal_uart.o(.ARM.exidx.text.UART_DMAAbortOnError), (8 bytes).
    Removing stm32f1xx_hal_uart.o(.ARM.exidx.text.HAL_UART_ErrorCallback), (8 bytes).
    Removing stm32f1xx_hal_uart.o(.ARM.exidx.text.HAL_UARTEx_RxEventCallback), (8 bytes).
    Removing stm32f1xx_hal_uart.o(.ARM.exidx.text.UART_Transmit_IT), (8 bytes).
    Removing stm32f1xx_hal_uart.o(.ARM.exidx.text.UART_EndTransmit_IT), (8 bytes).
    Removing stm32f1xx_hal_uart.o(.ARM.exidx.text.HAL_UART_TxCpltCallback), (8 bytes).
    Removing stm32f1xx_hal_uart.o(.ARM.exidx.text.HAL_UART_TxHalfCpltCallback), (8 bytes).
    Removing stm32f1xx_hal_uart.o(.ARM.exidx.text.HAL_UART_RxCpltCallback), (8 bytes).
    Removing stm32f1xx_hal_uart.o(.ARM.exidx.text.HAL_UART_RxHalfCpltCallback), (8 bytes).
    Removing stm32f1xx_hal_uart.o(.text.HAL_LIN_SendBreak), (94 bytes).
    Removing stm32f1xx_hal_uart.o(.ARM.exidx.text.HAL_LIN_SendBreak), (8 bytes).
    Removing stm32f1xx_hal_uart.o(.text.HAL_MultiProcessor_EnterMuteMode), (94 bytes).
    Removing stm32f1xx_hal_uart.o(.ARM.exidx.text.HAL_MultiProcessor_EnterMuteMode), (8 bytes).
    Removing stm32f1xx_hal_uart.o(.text.HAL_MultiProcessor_ExitMuteMode), (94 bytes).
    Removing stm32f1xx_hal_uart.o(.ARM.exidx.text.HAL_MultiProcessor_ExitMuteMode), (8 bytes).
    Removing stm32f1xx_hal_uart.o(.text.HAL_HalfDuplex_EnableTransmitter), (118 bytes).
    Removing stm32f1xx_hal_uart.o(.ARM.exidx.text.HAL_HalfDuplex_EnableTransmitter), (8 bytes).
    Removing stm32f1xx_hal_uart.o(.text.HAL_HalfDuplex_EnableReceiver), (118 bytes).
    Removing stm32f1xx_hal_uart.o(.ARM.exidx.text.HAL_HalfDuplex_EnableReceiver), (8 bytes).
    Removing stm32f1xx_hal_uart.o(.text.HAL_UART_GetState), (40 bytes).
    Removing stm32f1xx_hal_uart.o(.ARM.exidx.text.HAL_UART_GetState), (8 bytes).
    Removing stm32f1xx_hal_uart.o(.text.HAL_UART_GetError), (12 bytes).
    Removing stm32f1xx_hal_uart.o(.ARM.exidx.text.HAL_UART_GetError), (8 bytes).
    Removing stm32f1xx_hal_uart.o(.ARM.exidx.text.UART_DMAReceiveCplt), (8 bytes).
    Removing stm32f1xx_hal_uart.o(.ARM.exidx.text.UART_DMARxHalfCplt), (8 bytes).
    Removing system_stm32f1xx.o(.text), (0 bytes).
    Removing system_stm32f1xx.o(.ARM.exidx.text.SystemInit), (8 bytes).
    Removing system_stm32f1xx.o(.text.SystemCoreClockUpdate), (290 bytes).
    Removing system_stm32f1xx.o(.ARM.exidx.text.SystemCoreClockUpdate), (8 bytes).

755 unused section(s) (total 50700 bytes) removed from the image.

==============================================================================

Image Symbol Table

    Local Symbols

    Symbol Name                              Value     Ov Type        Size  Object(Section)

    ../clib/division.s                       0x00000000   Number         0  aeabi_sdiv.o ABSOLUTE
    ../clib/microlib/ctype/ctype.c           0x00000000   Number         0  isspace_c.o ABSOLUTE
    ../clib/microlib/ctype/ctype.c           0x00000000   Number         0  ctype_c.o ABSOLUTE
    ../clib/microlib/division.c              0x00000000   Number         0  uidiv.o ABSOLUTE
    ../clib/microlib/division.c              0x00000000   Number         0  uldiv.o ABSOLUTE
    ../clib/microlib/errno.c                 0x00000000   Number         0  errno.o ABSOLUTE
    ../clib/microlib/init/entry.s            0x00000000   Number         0  entry.o ABSOLUTE
    ../clib/microlib/init/entry.s            0x00000000   Number         0  entry2.o ABSOLUTE
    ../clib/microlib/init/entry.s            0x00000000   Number         0  entry5.o ABSOLUTE
    ../clib/microlib/init/entry.s            0x00000000   Number         0  entry7a.o ABSOLUTE
    ../clib/microlib/init/entry.s            0x00000000   Number         0  entry7b.o ABSOLUTE
    ../clib/microlib/init/entry.s            0x00000000   Number         0  entry8a.o ABSOLUTE
    ../clib/microlib/init/entry.s            0x00000000   Number         0  entry8b.o ABSOLUTE
    ../clib/microlib/init/entry.s            0x00000000   Number         0  entry9a.o ABSOLUTE
    ../clib/microlib/init/entry.s            0x00000000   Number         0  entry9b.o ABSOLUTE
    ../clib/microlib/init/entry.s            0x00000000   Number         0  entry10a.o ABSOLUTE
    ../clib/microlib/init/entry.s            0x00000000   Number         0  entry10b.o ABSOLUTE
    ../clib/microlib/init/entry.s            0x00000000   Number         0  entry11a.o ABSOLUTE
    ../clib/microlib/init/entry.s            0x00000000   Number         0  entry11b.o ABSOLUTE
    ../clib/microlib/longlong.c              0x00000000   Number         0  llshl.o ABSOLUTE
    ../clib/microlib/longlong.c              0x00000000   Number         0  llushr.o ABSOLUTE
    ../clib/microlib/longlong.c              0x00000000   Number         0  llsshr.o ABSOLUTE
    ../clib/microlib/printf/printf.c         0x00000000   Number         0  printfa.o ABSOLUTE
    ../clib/microlib/stdio/fputc.c           0x00000000   Number         0  fputc.o ABSOLUTE
    ../clib/microlib/stdio/fputc.c           0x00000000   Number         0  fputc_h.o ABSOLUTE
    ../clib/microlib/stdio/semi.s            0x00000000   Number         0  semi.o ABSOLUTE
    ../clib/microlib/stdio/streams.c         0x00000000   Number         0  stdout.o ABSOLUTE
    ../clib/microlib/string/memset.c         0x00000000   Number         0  memseta.o ABSOLUTE
    ../clib/microlib/string/strlen.c         0x00000000   Number         0  strlen.o ABSOLUTE
    ../clib/microlib/string/strtok.c         0x00000000   Number         0  strtok.o ABSOLUTE
    ../clib/microlib/string/strtok.c         0x00000000   Number         0  strtok_r.o ABSOLUTE
    ../clib/microlib/stubs.s                 0x00000000   Number         0  iusefp.o ABSOLUTE
    ../clib/microlib/stubs.s                 0x00000000   Number         0  iusesemip.o ABSOLUTE
    ../clib/scanf.c                          0x00000000   Number         0  strtod.o ABSOLUTE
    ../clib/scanf.c                          0x00000000   Number         0  scanf_fp.o ABSOLUTE
    ../clib/scanf.c                          0x00000000   Number         0  _sgetc.o ABSOLUTE
    ../fplib/microlib/d2f.c                  0x00000000   Number         0  d2f.o ABSOLUTE
    ../fplib/microlib/f2d.c                  0x00000000   Number         0  f2d.o ABSOLUTE
    ../fplib/microlib/fpadd.c                0x00000000   Number         0  dadd.o ABSOLUTE
    ../fplib/microlib/fpdiv.c                0x00000000   Number         0  ddiv.o ABSOLUTE
    ../fplib/microlib/fpepilogue.c           0x00000000   Number         0  fepilogue.o ABSOLUTE
    ../fplib/microlib/fpepilogue.c           0x00000000   Number         0  depilogue.o ABSOLUTE
    ../fplib/microlib/fpfix.c                0x00000000   Number         0  dfixul.o ABSOLUTE
    ../fplib/microlib/fpflt.c                0x00000000   Number         0  dfltul.o ABSOLUTE
    ../fplib/microlib/fpmul.c                0x00000000   Number         0  dmul.o ABSOLUTE
    ../mathlib/atof.c                        0x00000000   Number         0  atof.o ABSOLUTE
    cdrcmple.s                               0x00000000   Number         0  cdrcmple.o ABSOLUTE
    dc.s                                     0x00000000   Number         0  dc.o ABSOLUTE
    dma.c                                    0x00000000   Number         0  dma.o ABSOLUTE
    gpio.c                                   0x00000000   Number         0  gpio.o ABSOLUTE
    handlers.s                               0x00000000   Number         0  handlers.o ABSOLUTE
    init.s                                   0x00000000   Number         0  init.o ABSOLUTE
    main.c                                   0x00000000   Number         0  main.o ABSOLUTE
    startup_stm32f103xb.s                    0x00000000   Number         0  startup_stm32f103xb.o ABSOLUTE
    stm32f1xx_hal.c                          0x00000000   Number         0  stm32f1xx_hal.o ABSOLUTE
    stm32f1xx_hal_cortex.c                   0x00000000   Number         0  stm32f1xx_hal_cortex.o ABSOLUTE
    stm32f1xx_hal_dma.c                      0x00000000   Number         0  stm32f1xx_hal_dma.o ABSOLUTE
    stm32f1xx_hal_exti.c                     0x00000000   Number         0  stm32f1xx_hal_exti.o ABSOLUTE
    stm32f1xx_hal_flash.c                    0x00000000   Number         0  stm32f1xx_hal_flash.o ABSOLUTE
    stm32f1xx_hal_flash_ex.c                 0x00000000   Number         0  stm32f1xx_hal_flash_ex.o ABSOLUTE
    stm32f1xx_hal_gpio.c                     0x00000000   Number         0  stm32f1xx_hal_gpio.o ABSOLUTE
    stm32f1xx_hal_gpio_ex.c                  0x00000000   Number         0  stm32f1xx_hal_gpio_ex.o ABSOLUTE
    stm32f1xx_hal_msp.c                      0x00000000   Number         0  stm32f1xx_hal_msp.o ABSOLUTE
    stm32f1xx_hal_pwr.c                      0x00000000   Number         0  stm32f1xx_hal_pwr.o ABSOLUTE
    stm32f1xx_hal_rcc.c                      0x00000000   Number         0  stm32f1xx_hal_rcc.o ABSOLUTE
    stm32f1xx_hal_rcc_ex.c                   0x00000000   Number         0  stm32f1xx_hal_rcc_ex.o ABSOLUTE
    stm32f1xx_hal_tim.c                      0x00000000   Number         0  stm32f1xx_hal_tim.o ABSOLUTE
    stm32f1xx_hal_tim_ex.c                   0x00000000   Number         0  stm32f1xx_hal_tim_ex.o ABSOLUTE
    stm32f1xx_hal_uart.c                     0x00000000   Number         0  stm32f1xx_hal_uart.o ABSOLUTE
    stm32f1xx_it.c                           0x00000000   Number         0  stm32f1xx_it.o ABSOLUTE
    system_stm32f1xx.c                       0x00000000   Number         0  system_stm32f1xx.o ABSOLUTE
    tim.c                                    0x00000000   Number         0  tim.o ABSOLUTE
    usart.c                                  0x00000000   Number         0  usart.o ABSOLUTE
    RESET                                    0x08000000   Section      236  startup_stm32f103xb.o(RESET)
    .ARM.Collect$$$$00000000                 0x080000ec   Section        0  entry.o(.ARM.Collect$$$$00000000)
    .ARM.Collect$$$$00000001                 0x080000ec   Section        4  entry2.o(.ARM.Collect$$$$00000001)
    .ARM.Collect$$$$00000004                 0x080000f0   Section        4  entry5.o(.ARM.Collect$$$$00000004)
    .ARM.Collect$$$$00000008                 0x080000f4   Section        0  entry7b.o(.ARM.Collect$$$$00000008)
    .ARM.Collect$$$$0000000A                 0x080000f4   Section        0  entry8b.o(.ARM.Collect$$$$0000000A)
    .ARM.Collect$$$$0000000B                 0x080000f4   Section        8  entry9a.o(.ARM.Collect$$$$0000000B)
    __lit__00000000                          0x080000fc   Data           4  entry2.o(.ARM.Collect$$$$00002712)
    .ARM.Collect$$$$0000000D                 0x080000fc   Section        0  entry10a.o(.ARM.Collect$$$$0000000D)
    .ARM.Collect$$$$0000000F                 0x080000fc   Section        0  entry11a.o(.ARM.Collect$$$$0000000F)
    .ARM.Collect$$$$00002712                 0x080000fc   Section        4  entry2.o(.ARM.Collect$$$$00002712)
    .text                                    0x08000100   Section       36  startup_stm32f103xb.o(.text)
    .text                                    0x08000124   Section        0  memseta.o(.text)
    .text                                    0x08000148   Section        0  strlen.o(.text)
    .text                                    0x08000158   Section        0  strtok.o(.text)
    .text                                    0x0800019c   Section        0  ddiv.o(.text)
    .text                                    0x0800027a   Section        0  f2d.o(.text)
    .text                                    0x080002a0   Section        0  d2f.o(.text)
    .text                                    0x080002d8   Section        0  uidiv.o(.text)
    .text                                    0x08000304   Section        0  uldiv.o(.text)
    _local_sscanf                            0x08000369   Thumb Code    62  strtod.o(.text)
    .text                                    0x08000368   Section        0  strtod.o(.text)
    .text                                    0x08000410   Section        0  iusefp.o(.text)
    .text                                    0x08000410   Section        0  fepilogue.o(.text)
    .text                                    0x0800047e   Section        0  depilogue.o(.text)
    .text                                    0x08000538   Section        0  dadd.o(.text)
    .text                                    0x08000686   Section        0  dmul.o(.text)
    .text                                    0x0800076a   Section        0  dfixul.o(.text)
    .text                                    0x0800079c   Section       48  cdrcmple.o(.text)
    .text                                    0x080007cc   Section       48  init.o(.text)
    .text                                    0x080007fc   Section        0  llshl.o(.text)
    .text                                    0x0800081a   Section        0  llushr.o(.text)
    .text                                    0x0800083a   Section        0  llsshr.o(.text)
    .text                                    0x0800085e   Section        0  isspace_c.o(.text)
    _fp_value                                0x08000869   Thumb Code   296  scanf_fp.o(.text)
    .text                                    0x08000868   Section        0  scanf_fp.o(.text)
    .text                                    0x08000bc8   Section        0  _sgetc.o(.text)
    .text                                    0x08000c08   Section        0  ctype_c.o(.text)
    .text                                    0x08000c30   Section        0  dfltul.o(.text)
    [Anonymous Symbol]                       0x08000c48   Section        0  stm32f1xx_it.o(.text.BusFault_Handler)
    [Anonymous Symbol]                       0x08000c4c   Section        0  stm32f1xx_it.o(.text.DMA1_Channel2_IRQHandler)
    [Anonymous Symbol]                       0x08000c5c   Section        0  stm32f1xx_it.o(.text.DMA1_Channel3_IRQHandler)
    [Anonymous Symbol]                       0x08000c6c   Section        0  stm32f1xx_it.o(.text.DMA1_Channel4_IRQHandler)
    [Anonymous Symbol]                       0x08000c7c   Section        0  stm32f1xx_it.o(.text.DMA1_Channel5_IRQHandler)
    [Anonymous Symbol]                       0x08000c8c   Section        0  stm32f1xx_it.o(.text.DMA1_Channel6_IRQHandler)
    [Anonymous Symbol]                       0x08000c9c   Section        0  stm32f1xx_it.o(.text.DMA1_Channel7_IRQHandler)
    DMA_SetConfig                            0x08000cad   Thumb Code    80  stm32f1xx_hal_dma.o(.text.DMA_SetConfig)
    [Anonymous Symbol]                       0x08000cac   Section        0  stm32f1xx_hal_dma.o(.text.DMA_SetConfig)
    [Anonymous Symbol]                       0x08000cfc   Section        0  stm32f1xx_it.o(.text.DebugMon_Handler)
    [Anonymous Symbol]                       0x08000d00   Section        0  main.o(.text.Error_Handler)
    [Anonymous Symbol]                       0x08000d10   Section        0  stm32f1xx_hal_dma.o(.text.HAL_DMA_Abort)
    [Anonymous Symbol]                       0x08000d8c   Section        0  stm32f1xx_hal_dma.o(.text.HAL_DMA_Abort_IT)
    [Anonymous Symbol]                       0x08000ea8   Section        0  stm32f1xx_hal_dma.o(.text.HAL_DMA_IRQHandler)
    [Anonymous Symbol]                       0x08001130   Section        0  stm32f1xx_hal_dma.o(.text.HAL_DMA_Init)
    [Anonymous Symbol]                       0x080011e0   Section        0  stm32f1xx_hal_dma.o(.text.HAL_DMA_Start_IT)
    [Anonymous Symbol]                       0x080012ac   Section        0  stm32f1xx_hal.o(.text.HAL_Delay)
    [Anonymous Symbol]                       0x080012f0   Section        0  stm32f1xx_hal_gpio.o(.text.HAL_GPIO_Init)
    [Anonymous Symbol]                       0x08001610   Section        0  stm32f1xx_hal.o(.text.HAL_GetTick)
    [Anonymous Symbol]                       0x0800161c   Section        0  stm32f1xx_hal.o(.text.HAL_IncTick)
    [Anonymous Symbol]                       0x08001638   Section        0  stm32f1xx_hal.o(.text.HAL_Init)
    [Anonymous Symbol]                       0x08001664   Section        0  stm32f1xx_hal.o(.text.HAL_InitTick)
    [Anonymous Symbol]                       0x080016d4   Section        0  stm32f1xx_hal_msp.o(.text.HAL_MspInit)
    [Anonymous Symbol]                       0x08001738   Section        0  stm32f1xx_hal_cortex.o(.text.HAL_NVIC_EnableIRQ)
    [Anonymous Symbol]                       0x0800174c   Section        0  stm32f1xx_hal_cortex.o(.text.HAL_NVIC_SetPriority)
    [Anonymous Symbol]                       0x08001780   Section        0  stm32f1xx_hal_cortex.o(.text.HAL_NVIC_SetPriorityGrouping)
    [Anonymous Symbol]                       0x08001790   Section        0  stm32f1xx_hal_rcc.o(.text.HAL_RCC_ClockConfig)
    [Anonymous Symbol]                       0x080019e8   Section        0  stm32f1xx_hal_rcc.o(.text.HAL_RCC_GetHCLKFreq)
    [Anonymous Symbol]                       0x080019f4   Section        0  stm32f1xx_hal_rcc.o(.text.HAL_RCC_GetPCLK1Freq)
    [Anonymous Symbol]                       0x08001a18   Section        0  stm32f1xx_hal_rcc.o(.text.HAL_RCC_GetPCLK2Freq)
    [Anonymous Symbol]                       0x08001a3c   Section        0  stm32f1xx_hal_rcc.o(.text.HAL_RCC_GetSysClockFreq)
    [Anonymous Symbol]                       0x08001b20   Section        0  stm32f1xx_hal_rcc.o(.text.HAL_RCC_OscConfig)
    [Anonymous Symbol]                       0x0800219c   Section        0  stm32f1xx_hal_cortex.o(.text.HAL_SYSTICK_Config)
    [Anonymous Symbol]                       0x080021ac   Section        0  stm32f1xx_hal_tim_ex.o(.text.HAL_TIMEx_BreakCallback)
    [Anonymous Symbol]                       0x080021b4   Section        0  stm32f1xx_hal_tim_ex.o(.text.HAL_TIMEx_CommutCallback)
    [Anonymous Symbol]                       0x080021bc   Section        0  stm32f1xx_hal_tim_ex.o(.text.HAL_TIMEx_MasterConfigSynchronization)
    [Anonymous Symbol]                       0x08002298   Section        0  stm32f1xx_hal_tim.o(.text.HAL_TIM_Base_Init)
    [Anonymous Symbol]                       0x08002334   Section        0  tim.o(.text.HAL_TIM_Base_MspInit)
    [Anonymous Symbol]                       0x0800237c   Section        0  stm32f1xx_hal_tim.o(.text.HAL_TIM_Base_Start_IT)
    [Anonymous Symbol]                       0x0800242c   Section        0  stm32f1xx_hal_tim.o(.text.HAL_TIM_ConfigClockSource)
    [Anonymous Symbol]                       0x080025a4   Section        0  stm32f1xx_hal_tim.o(.text.HAL_TIM_IC_CaptureCallback)
    [Anonymous Symbol]                       0x080025ac   Section        0  stm32f1xx_hal_tim.o(.text.HAL_TIM_IRQHandler)
    [Anonymous Symbol]                       0x08002828   Section        0  stm32f1xx_hal_tim.o(.text.HAL_TIM_OC_DelayElapsedCallback)
    [Anonymous Symbol]                       0x08002830   Section        0  stm32f1xx_hal_tim.o(.text.HAL_TIM_PWM_PulseFinishedCallback)
    [Anonymous Symbol]                       0x08002838   Section        0  tim.o(.text.HAL_TIM_PeriodElapsedCallback)
    [Anonymous Symbol]                       0x08002880   Section        0  stm32f1xx_hal_tim.o(.text.HAL_TIM_TriggerCallback)
    [Anonymous Symbol]                       0x08002888   Section        0  stm32f1xx_hal_uart.o(.text.HAL_UARTEx_RxEventCallback)
    [Anonymous Symbol]                       0x08002894   Section        0  stm32f1xx_hal_uart.o(.text.HAL_UART_DMAStop)
    [Anonymous Symbol]                       0x0800292c   Section        0  stm32f1xx_hal_uart.o(.text.HAL_UART_ErrorCallback)
    [Anonymous Symbol]                       0x08002934   Section        0  stm32f1xx_hal_uart.o(.text.HAL_UART_IRQHandler)
    [Anonymous Symbol]                       0x08002c78   Section        0  stm32f1xx_hal_uart.o(.text.HAL_UART_Init)
    [Anonymous Symbol]                       0x08002d14   Section        0  usart.o(.text.HAL_UART_MspInit)
    [Anonymous Symbol]                       0x080030a0   Section        0  stm32f1xx_hal_uart.o(.text.HAL_UART_Receive_DMA)
    [Anonymous Symbol]                       0x08003118   Section        0  stm32f1xx_hal_uart.o(.text.HAL_UART_RxCpltCallback)
    [Anonymous Symbol]                       0x08003120   Section        0  stm32f1xx_hal_uart.o(.text.HAL_UART_RxHalfCpltCallback)
    [Anonymous Symbol]                       0x08003128   Section        0  stm32f1xx_hal_uart.o(.text.HAL_UART_Transmit_DMA)
    [Anonymous Symbol]                       0x08003220   Section        0  stm32f1xx_hal_uart.o(.text.HAL_UART_TxCpltCallback)
    [Anonymous Symbol]                       0x08003228   Section        0  stm32f1xx_hal_uart.o(.text.HAL_UART_TxHalfCpltCallback)
    [Anonymous Symbol]                       0x08003230   Section        0  stm32f1xx_it.o(.text.HardFault_Handler)
    [Anonymous Symbol]                       0x08003234   Section        0  dma.o(.text.MX_DMA_Init)
    [Anonymous Symbol]                       0x080032c8   Section        0  gpio.o(.text.MX_GPIO_Init)
    [Anonymous Symbol]                       0x08003328   Section        0  tim.o(.text.MX_TIM2_Init)
    [Anonymous Symbol]                       0x080033a8   Section        0  usart.o(.text.MX_USART1_UART_Init)
    [Anonymous Symbol]                       0x080033e8   Section        0  usart.o(.text.MX_USART2_UART_Init)
    [Anonymous Symbol]                       0x08003428   Section        0  usart.o(.text.MX_USART3_UART_Init)
    [Anonymous Symbol]                       0x08003468   Section        0  stm32f1xx_it.o(.text.MemManage_Handler)
    [Anonymous Symbol]                       0x0800346c   Section        0  stm32f1xx_it.o(.text.NMI_Handler)
    NVIC_EncodePriority                      0x08003471   Thumb Code   108  stm32f1xx_hal_cortex.o(.text.NVIC_EncodePriority)
    [Anonymous Symbol]                       0x08003470   Section        0  stm32f1xx_hal_cortex.o(.text.NVIC_EncodePriority)
    [Anonymous Symbol]                       0x080034dc   Section        0  stm32f1xx_it.o(.text.PendSV_Handler)
    RCC_Delay                                0x080034e1   Thumb Code    58  stm32f1xx_hal_rcc.o(.text.RCC_Delay)
    [Anonymous Symbol]                       0x080034e0   Section        0  stm32f1xx_hal_rcc.o(.text.RCC_Delay)
    [Anonymous Symbol]                       0x0800351c   Section        0  stm32f1xx_it.o(.text.SVC_Handler)
    SysTick_Config                           0x08003521   Thumb Code    82  stm32f1xx_hal_cortex.o(.text.SysTick_Config)
    [Anonymous Symbol]                       0x08003520   Section        0  stm32f1xx_hal_cortex.o(.text.SysTick_Config)
    [Anonymous Symbol]                       0x08003574   Section        0  stm32f1xx_it.o(.text.SysTick_Handler)
    [Anonymous Symbol]                       0x0800357c   Section        0  main.o(.text.SystemClock_Config)
    [Anonymous Symbol]                       0x080035e8   Section        0  system_stm32f1xx.o(.text.SystemInit)
    [Anonymous Symbol]                       0x080035ec   Section        0  stm32f1xx_it.o(.text.TIM2_IRQHandler)
    [Anonymous Symbol]                       0x080035fc   Section        0  stm32f1xx_hal_tim.o(.text.TIM_Base_SetConfig)
    [Anonymous Symbol]                       0x080036ec   Section        0  stm32f1xx_hal_tim.o(.text.TIM_ETR_SetConfig)
    TIM_ITRx_SetConfig                       0x08003721   Thumb Code    42  stm32f1xx_hal_tim.o(.text.TIM_ITRx_SetConfig)
    [Anonymous Symbol]                       0x08003720   Section        0  stm32f1xx_hal_tim.o(.text.TIM_ITRx_SetConfig)
    TIM_TI1_ConfigInputStage                 0x0800374d   Thumb Code    80  stm32f1xx_hal_tim.o(.text.TIM_TI1_ConfigInputStage)
    [Anonymous Symbol]                       0x0800374c   Section        0  stm32f1xx_hal_tim.o(.text.TIM_TI1_ConfigInputStage)
    TIM_TI2_ConfigInputStage                 0x0800379d   Thumb Code    82  stm32f1xx_hal_tim.o(.text.TIM_TI2_ConfigInputStage)
    [Anonymous Symbol]                       0x0800379c   Section        0  stm32f1xx_hal_tim.o(.text.TIM_TI2_ConfigInputStage)
    UART_DMAAbortOnError                     0x080037f1   Thumb Code    32  stm32f1xx_hal_uart.o(.text.UART_DMAAbortOnError)
    [Anonymous Symbol]                       0x080037f0   Section        0  stm32f1xx_hal_uart.o(.text.UART_DMAAbortOnError)
    UART_DMAError                            0x08003811   Thumb Code   124  stm32f1xx_hal_uart.o(.text.UART_DMAError)
    [Anonymous Symbol]                       0x08003810   Section        0  stm32f1xx_hal_uart.o(.text.UART_DMAError)
    UART_DMAReceiveCplt                      0x0800388d   Thumb Code   134  stm32f1xx_hal_uart.o(.text.UART_DMAReceiveCplt)
    [Anonymous Symbol]                       0x0800388c   Section        0  stm32f1xx_hal_uart.o(.text.UART_DMAReceiveCplt)
    UART_DMARxHalfCplt                       0x08003915   Thumb Code    46  stm32f1xx_hal_uart.o(.text.UART_DMARxHalfCplt)
    [Anonymous Symbol]                       0x08003914   Section        0  stm32f1xx_hal_uart.o(.text.UART_DMARxHalfCplt)
    UART_DMATransmitCplt                     0x08003945   Thumb Code    70  stm32f1xx_hal_uart.o(.text.UART_DMATransmitCplt)
    [Anonymous Symbol]                       0x08003944   Section        0  stm32f1xx_hal_uart.o(.text.UART_DMATransmitCplt)
    UART_DMATxHalfCplt                       0x0800398d   Thumb Code    22  stm32f1xx_hal_uart.o(.text.UART_DMATxHalfCplt)
    [Anonymous Symbol]                       0x0800398c   Section        0  stm32f1xx_hal_uart.o(.text.UART_DMATxHalfCplt)
    UART_EndRxTransfer                       0x080039a5   Thumb Code    70  stm32f1xx_hal_uart.o(.text.UART_EndRxTransfer)
    [Anonymous Symbol]                       0x080039a4   Section        0  stm32f1xx_hal_uart.o(.text.UART_EndRxTransfer)
    UART_EndTransmit_IT                      0x080039ed   Thumb Code    38  stm32f1xx_hal_uart.o(.text.UART_EndTransmit_IT)
    [Anonymous Symbol]                       0x080039ec   Section        0  stm32f1xx_hal_uart.o(.text.UART_EndTransmit_IT)
    UART_EndTxTransfer                       0x08003a15   Thumb Code    28  stm32f1xx_hal_uart.o(.text.UART_EndTxTransfer)
    [Anonymous Symbol]                       0x08003a14   Section        0  stm32f1xx_hal_uart.o(.text.UART_EndTxTransfer)
    UART_Receive_IT                          0x08003a31   Thumb Code   330  stm32f1xx_hal_uart.o(.text.UART_Receive_IT)
    [Anonymous Symbol]                       0x08003a30   Section        0  stm32f1xx_hal_uart.o(.text.UART_Receive_IT)
    UART_SetConfig                           0x08003b7d   Thumb Code   186  stm32f1xx_hal_uart.o(.text.UART_SetConfig)
    [Anonymous Symbol]                       0x08003b7c   Section        0  stm32f1xx_hal_uart.o(.text.UART_SetConfig)
    [Anonymous Symbol]                       0x08003c38   Section        0  stm32f1xx_hal_uart.o(.text.UART_Start_Receive_DMA)
    UART_Transmit_IT                         0x08003cf9   Thumb Code   148  stm32f1xx_hal_uart.o(.text.UART_Transmit_IT)
    [Anonymous Symbol]                       0x08003cf8   Section        0  stm32f1xx_hal_uart.o(.text.UART_Transmit_IT)
    [Anonymous Symbol]                       0x08003d8c   Section        0  stm32f1xx_it.o(.text.USART1_IRQHandler)
    [Anonymous Symbol]                       0x08003e10   Section        0  stm32f1xx_it.o(.text.USART2_IRQHandler)
    [Anonymous Symbol]                       0x08003e94   Section        0  stm32f1xx_it.o(.text.USART3_IRQHandler)
    [Anonymous Symbol]                       0x08003f1c   Section        0  stm32f1xx_it.o(.text.UsageFault_Handler)
    [Anonymous Symbol]                       0x08003f20   Section        0  main.o(.text.WiFi_Init)
    [Anonymous Symbol]                       0x08003fe4   Section        0  main.o(.text.WiFi_Proc)
    __NVIC_EnableIRQ                         0x080040b5   Thumb Code    48  stm32f1xx_hal_cortex.o(.text.__NVIC_EnableIRQ)
    [Anonymous Symbol]                       0x080040b4   Section        0  stm32f1xx_hal_cortex.o(.text.__NVIC_EnableIRQ)
    __NVIC_GetPriorityGrouping               0x080040e5   Thumb Code    16  stm32f1xx_hal_cortex.o(.text.__NVIC_GetPriorityGrouping)
    [Anonymous Symbol]                       0x080040e4   Section        0  stm32f1xx_hal_cortex.o(.text.__NVIC_GetPriorityGrouping)
    __NVIC_SetPriority                       0x080040f5   Thumb Code    66  stm32f1xx_hal_cortex.o(.text.__NVIC_SetPriority)
    [Anonymous Symbol]                       0x080040f4   Section        0  stm32f1xx_hal_cortex.o(.text.__NVIC_SetPriority)
    __NVIC_SetPriorityGrouping               0x08004139   Thumb Code    60  stm32f1xx_hal_cortex.o(.text.__NVIC_SetPriorityGrouping)
    [Anonymous Symbol]                       0x08004138   Section        0  stm32f1xx_hal_cortex.o(.text.__NVIC_SetPriorityGrouping)
    [Anonymous Symbol]                       0x08004174   Section        0  main.o(.text.main)
    [Anonymous Symbol]                       0x0800443c   Section        0  main.o(.text.split)
    i.__0sprintf                             0x080044c8   Section        0  printfa.o(i.__0sprintf)
    i.__read_errno                           0x080044f0   Section        0  errno.o(i.__read_errno)
    i.__scatterload_copy                     0x080044fc   Section       14  handlers.o(i.__scatterload_copy)
    i.__scatterload_null                     0x0800450a   Section        2  handlers.o(i.__scatterload_null)
    i.__scatterload_zeroinit                 0x0800450c   Section       14  handlers.o(i.__scatterload_zeroinit)
    i.__set_errno                            0x0800451c   Section        0  errno.o(i.__set_errno)
    _fp_digits                               0x08004529   Thumb Code   366  printfa.o(i._fp_digits)
    i._fp_digits                             0x08004528   Section        0  printfa.o(i._fp_digits)
    i._is_digit                              0x080046ac   Section        0  scanf_fp.o(i._is_digit)
    _printf_core                             0x080046bd   Thumb Code  1744  printfa.o(i._printf_core)
    i._printf_core                           0x080046bc   Section        0  printfa.o(i._printf_core)
    _printf_post_padding                     0x08004d99   Thumb Code    36  printfa.o(i._printf_post_padding)
    i._printf_post_padding                   0x08004d98   Section        0  printfa.o(i._printf_post_padding)
    _printf_pre_padding                      0x08004dbd   Thumb Code    46  printfa.o(i._printf_pre_padding)
    i._printf_pre_padding                    0x08004dbc   Section        0  printfa.o(i._printf_pre_padding)
    _sputc                                   0x08004deb   Thumb Code    10  printfa.o(i._sputc)
    i._sputc                                 0x08004dea   Section        0  printfa.o(i._sputc)
    i.atof                                   0x08004df4   Section        0  atof.o(i.atof)
    .constdata                               0x08004e20   Section       64  ctype_c.o(.constdata)
    .L.str.4                                 0x08004e78   Data          22  main.o(.rodata.str1.1)
    [Anonymous Symbol]                       0x08004e78   Section        0  main.o(.rodata.str1.1)
    .L.str.3                                 0x08004e8e   Data          14  main.o(.rodata.str1.1)
    .L.str.5                                 0x08004e9c   Data          43  main.o(.rodata.str1.1)
    .L.str.2                                 0x08004ec7   Data          14  main.o(.rodata.str1.1)
    .L.str.1                                 0x08004ed5   Data           5  main.o(.rodata.str1.1)
    .L.str.7                                 0x08004eda   Data          18  main.o(.rodata.str1.1)
    .L.str                                   0x08004eec   Data           2  main.o(.rodata.str1.1)
    .L.str.6                                 0x08004eee   Data          15  main.o(.rodata.str1.1)
    state                                    0x20000000   Data           4  strtok.o(.data)
    .data                                    0x20000000   Section        4  strtok.o(.data)
    _errno                                   0x20000004   Data           4  errno.o(.data)
    .data                                    0x20000004   Section        4  errno.o(.data)
    HAL_TIM_PeriodElapsedCallback.i          0x20000018   Data           4  tim.o(.bss.HAL_TIM_PeriodElapsedCallback.i)
    [Anonymous Symbol]                       0x20000018   Section        0  tim.o(.bss.HAL_TIM_PeriodElapsedCallback.i)
    STACK                                    0x200007d8   Section     1024  startup_stm32f103xb.o(STACK)

    Global Symbols

    Symbol Name                              Value     Ov Type        Size  Object(Section)

    BuildAttributes$$THM_ISAv4$P$D$K$B$S$PE$A:L22UL41UL21$X:L11$S22US41US21$IEEE1$IW$~IW$USESV6$~STKCKD$USESV7$~SHL$OTIME$ROPI$IEEEJ$EBA8$MICROLIB$REQ8$PRES8$EABIv2 0x00000000   Number         0  anon$$obj.o ABSOLUTE
    __cpp_initialize__aeabi_                  - Undefined Weak Reference
    __cxa_finalize                            - Undefined Weak Reference
    __decompress                              - Undefined Weak Reference
    _clock_init                               - Undefined Weak Reference
    _microlib_exit                            - Undefined Weak Reference
    __Vectors_Size                           0x000000ec   Number         0  startup_stm32f103xb.o ABSOLUTE
    __Vectors                                0x08000000   Data           4  startup_stm32f103xb.o(RESET)
    __Vectors_End                            0x080000ec   Data           0  startup_stm32f103xb.o(RESET)
    __main                                   0x080000ed   Thumb Code     0  entry.o(.ARM.Collect$$$$00000000)
    _main_stk                                0x080000ed   Thumb Code     0  entry2.o(.ARM.Collect$$$$00000001)
    _main_scatterload                        0x080000f1   Thumb Code     0  entry5.o(.ARM.Collect$$$$00000004)
    __main_after_scatterload                 0x080000f5   Thumb Code     0  entry5.o(.ARM.Collect$$$$00000004)
    _main_clock                              0x080000f5   Thumb Code     0  entry7b.o(.ARM.Collect$$$$00000008)
    _main_cpp_init                           0x080000f5   Thumb Code     0  entry8b.o(.ARM.Collect$$$$0000000A)
    _main_init                               0x080000f5   Thumb Code     0  entry9a.o(.ARM.Collect$$$$0000000B)
    __rt_final_cpp                           0x080000fd   Thumb Code     0  entry10a.o(.ARM.Collect$$$$0000000D)
    __rt_final_exit                          0x080000fd   Thumb Code     0  entry11a.o(.ARM.Collect$$$$0000000F)
    Reset_Handler                            0x08000101   Thumb Code     8  startup_stm32f103xb.o(.text)
    ADC1_2_IRQHandler                        0x0800011b   Thumb Code     0  startup_stm32f103xb.o(.text)
    CAN1_RX1_IRQHandler                      0x0800011b   Thumb Code     0  startup_stm32f103xb.o(.text)
    CAN1_SCE_IRQHandler                      0x0800011b   Thumb Code     0  startup_stm32f103xb.o(.text)
    DMA1_Channel1_IRQHandler                 0x0800011b   Thumb Code     0  startup_stm32f103xb.o(.text)
    EXTI0_IRQHandler                         0x0800011b   Thumb Code     0  startup_stm32f103xb.o(.text)
    EXTI15_10_IRQHandler                     0x0800011b   Thumb Code     0  startup_stm32f103xb.o(.text)
    EXTI1_IRQHandler                         0x0800011b   Thumb Code     0  startup_stm32f103xb.o(.text)
    EXTI2_IRQHandler                         0x0800011b   Thumb Code     0  startup_stm32f103xb.o(.text)
    EXTI3_IRQHandler                         0x0800011b   Thumb Code     0  startup_stm32f103xb.o(.text)
    EXTI4_IRQHandler                         0x0800011b   Thumb Code     0  startup_stm32f103xb.o(.text)
    EXTI9_5_IRQHandler                       0x0800011b   Thumb Code     0  startup_stm32f103xb.o(.text)
    FLASH_IRQHandler                         0x0800011b   Thumb Code     0  startup_stm32f103xb.o(.text)
    I2C1_ER_IRQHandler                       0x0800011b   Thumb Code     0  startup_stm32f103xb.o(.text)
    I2C1_EV_IRQHandler                       0x0800011b   Thumb Code     0  startup_stm32f103xb.o(.text)
    I2C2_ER_IRQHandler                       0x0800011b   Thumb Code     0  startup_stm32f103xb.o(.text)
    I2C2_EV_IRQHandler                       0x0800011b   Thumb Code     0  startup_stm32f103xb.o(.text)
    PVD_IRQHandler                           0x0800011b   Thumb Code     0  startup_stm32f103xb.o(.text)
    RCC_IRQHandler                           0x0800011b   Thumb Code     0  startup_stm32f103xb.o(.text)
    RTC_Alarm_IRQHandler                     0x0800011b   Thumb Code     0  startup_stm32f103xb.o(.text)
    RTC_IRQHandler                           0x0800011b   Thumb Code     0  startup_stm32f103xb.o(.text)
    SPI1_IRQHandler                          0x0800011b   Thumb Code     0  startup_stm32f103xb.o(.text)
    SPI2_IRQHandler                          0x0800011b   Thumb Code     0  startup_stm32f103xb.o(.text)
    TAMPER_IRQHandler                        0x0800011b   Thumb Code     0  startup_stm32f103xb.o(.text)
    TIM1_BRK_IRQHandler                      0x0800011b   Thumb Code     0  startup_stm32f103xb.o(.text)
    TIM1_CC_IRQHandler                       0x0800011b   Thumb Code     0  startup_stm32f103xb.o(.text)
    TIM1_TRG_COM_IRQHandler                  0x0800011b   Thumb Code     0  startup_stm32f103xb.o(.text)
    TIM1_UP_IRQHandler                       0x0800011b   Thumb Code     0  startup_stm32f103xb.o(.text)
    TIM3_IRQHandler                          0x0800011b   Thumb Code     0  startup_stm32f103xb.o(.text)
    TIM4_IRQHandler                          0x0800011b   Thumb Code     0  startup_stm32f103xb.o(.text)
    USBWakeUp_IRQHandler                     0x0800011b   Thumb Code     0  startup_stm32f103xb.o(.text)
    USB_HP_CAN1_TX_IRQHandler                0x0800011b   Thumb Code     0  startup_stm32f103xb.o(.text)
    USB_LP_CAN1_RX0_IRQHandler               0x0800011b   Thumb Code     0  startup_stm32f103xb.o(.text)
    WWDG_IRQHandler                          0x0800011b   Thumb Code     0  startup_stm32f103xb.o(.text)
    __aeabi_memset                           0x08000125   Thumb Code    14  memseta.o(.text)
    __aeabi_memset4                          0x08000125   Thumb Code     0  memseta.o(.text)
    __aeabi_memset8                          0x08000125   Thumb Code     0  memseta.o(.text)
    __aeabi_memclr                           0x08000133   Thumb Code     4  memseta.o(.text)
    __aeabi_memclr4                          0x08000133   Thumb Code     0  memseta.o(.text)
    __aeabi_memclr8                          0x08000133   Thumb Code     0  memseta.o(.text)
    _memset$wrapper                          0x08000137   Thumb Code    18  memseta.o(.text)
    strlen                                   0x08000149   Thumb Code    14  strlen.o(.text)
    strtok                                   0x08000159   Thumb Code    62  strtok.o(.text)
    __aeabi_ddiv                             0x0800019d   Thumb Code   222  ddiv.o(.text)
    __aeabi_f2d                              0x0800027b   Thumb Code    38  f2d.o(.text)
    __aeabi_d2f                              0x080002a1   Thumb Code    56  d2f.o(.text)
    __aeabi_uidiv                            0x080002d9   Thumb Code     0  uidiv.o(.text)
    __aeabi_uidivmod                         0x080002d9   Thumb Code    44  uidiv.o(.text)
    __aeabi_uldivmod                         0x08000305   Thumb Code    98  uldiv.o(.text)
    __strtod_int                             0x080003a7   Thumb Code    94  strtod.o(.text)
    __I$use$fp                               0x08000411   Thumb Code     0  iusefp.o(.text)
    _float_round                             0x08000411   Thumb Code    18  fepilogue.o(.text)
    _float_epilogue                          0x08000423   Thumb Code    92  fepilogue.o(.text)
    _double_round                            0x0800047f   Thumb Code    30  depilogue.o(.text)
    _double_epilogue                         0x0800049d   Thumb Code   156  depilogue.o(.text)
    __aeabi_dadd                             0x08000539   Thumb Code   322  dadd.o(.text)
    __aeabi_dsub                             0x0800067b   Thumb Code     6  dadd.o(.text)
    __aeabi_drsub                            0x08000681   Thumb Code     6  dadd.o(.text)
    __aeabi_dmul                             0x08000687   Thumb Code   228  dmul.o(.text)
    __aeabi_d2ulz                            0x0800076b   Thumb Code    48  dfixul.o(.text)
    __aeabi_cdrcmple                         0x0800079d   Thumb Code    48  cdrcmple.o(.text)
    __scatterload                            0x080007cd   Thumb Code    38  init.o(.text)
    __scatterload_rt2                        0x080007cd   Thumb Code     0  init.o(.text)
    __aeabi_llsl                             0x080007fd   Thumb Code    30  llshl.o(.text)
    _ll_shift_l                              0x080007fd   Thumb Code     0  llshl.o(.text)
    __aeabi_llsr                             0x0800081b   Thumb Code    32  llushr.o(.text)
    _ll_ushift_r                             0x0800081b   Thumb Code     0  llushr.o(.text)
    __aeabi_lasr                             0x0800083b   Thumb Code    36  llsshr.o(.text)
    _ll_sshift_r                             0x0800083b   Thumb Code     0  llsshr.o(.text)
    isspace                                  0x0800085f   Thumb Code    10  isspace_c.o(.text)
    _scanf_real                              0x08000991   Thumb Code     0  scanf_fp.o(.text)
    _scanf_really_real                       0x08000991   Thumb Code   556  scanf_fp.o(.text)
    _sgetc                                   0x08000bc9   Thumb Code    30  _sgetc.o(.text)
    _sbackspace                              0x08000be7   Thumb Code    34  _sgetc.o(.text)
    __ctype_lookup                           0x08000c09   Thumb Code    34  ctype_c.o(.text)
    __aeabi_ul2d                             0x08000c31   Thumb Code    24  dfltul.o(.text)
    BusFault_Handler                         0x08000c49   Thumb Code     4  stm32f1xx_it.o(.text.BusFault_Handler)
    DMA1_Channel2_IRQHandler                 0x08000c4d   Thumb Code    16  stm32f1xx_it.o(.text.DMA1_Channel2_IRQHandler)
    DMA1_Channel3_IRQHandler                 0x08000c5d   Thumb Code    16  stm32f1xx_it.o(.text.DMA1_Channel3_IRQHandler)
    DMA1_Channel4_IRQHandler                 0x08000c6d   Thumb Code    16  stm32f1xx_it.o(.text.DMA1_Channel4_IRQHandler)
    DMA1_Channel5_IRQHandler                 0x08000c7d   Thumb Code    16  stm32f1xx_it.o(.text.DMA1_Channel5_IRQHandler)
    DMA1_Channel6_IRQHandler                 0x08000c8d   Thumb Code    16  stm32f1xx_it.o(.text.DMA1_Channel6_IRQHandler)
    DMA1_Channel7_IRQHandler                 0x08000c9d   Thumb Code    16  stm32f1xx_it.o(.text.DMA1_Channel7_IRQHandler)
    DebugMon_Handler                         0x08000cfd   Thumb Code     2  stm32f1xx_it.o(.text.DebugMon_Handler)
    Error_Handler                            0x08000d01   Thumb Code    14  main.o(.text.Error_Handler)
    HAL_DMA_Abort                            0x08000d11   Thumb Code   124  stm32f1xx_hal_dma.o(.text.HAL_DMA_Abort)
    HAL_DMA_Abort_IT                         0x08000d8d   Thumb Code   284  stm32f1xx_hal_dma.o(.text.HAL_DMA_Abort_IT)
    HAL_DMA_IRQHandler                       0x08000ea9   Thumb Code   646  stm32f1xx_hal_dma.o(.text.HAL_DMA_IRQHandler)
    HAL_DMA_Init                             0x08001131   Thumb Code   174  stm32f1xx_hal_dma.o(.text.HAL_DMA_Init)
    HAL_DMA_Start_IT                         0x080011e1   Thumb Code   202  stm32f1xx_hal_dma.o(.text.HAL_DMA_Start_IT)
    HAL_Delay                                0x080012ad   Thumb Code    66  stm32f1xx_hal.o(.text.HAL_Delay)
    HAL_GPIO_Init                            0x080012f1   Thumb Code   798  stm32f1xx_hal_gpio.o(.text.HAL_GPIO_Init)
    HAL_GetTick                              0x08001611   Thumb Code    12  stm32f1xx_hal.o(.text.HAL_GetTick)
    HAL_IncTick                              0x0800161d   Thumb Code    26  stm32f1xx_hal.o(.text.HAL_IncTick)
    HAL_Init                                 0x08001639   Thumb Code    44  stm32f1xx_hal.o(.text.HAL_Init)
    HAL_InitTick                             0x08001665   Thumb Code   112  stm32f1xx_hal.o(.text.HAL_InitTick)
    HAL_MspInit                              0x080016d5   Thumb Code   100  stm32f1xx_hal_msp.o(.text.HAL_MspInit)
    HAL_NVIC_EnableIRQ                       0x08001739   Thumb Code    20  stm32f1xx_hal_cortex.o(.text.HAL_NVIC_EnableIRQ)
    HAL_NVIC_SetPriority                     0x0800174d   Thumb Code    50  stm32f1xx_hal_cortex.o(.text.HAL_NVIC_SetPriority)
    HAL_NVIC_SetPriorityGrouping             0x08001781   Thumb Code    16  stm32f1xx_hal_cortex.o(.text.HAL_NVIC_SetPriorityGrouping)
    HAL_RCC_ClockConfig                      0x08001791   Thumb Code   598  stm32f1xx_hal_rcc.o(.text.HAL_RCC_ClockConfig)
    HAL_RCC_GetHCLKFreq                      0x080019e9   Thumb Code    12  stm32f1xx_hal_rcc.o(.text.HAL_RCC_GetHCLKFreq)
    HAL_RCC_GetPCLK1Freq                     0x080019f5   Thumb Code    34  stm32f1xx_hal_rcc.o(.text.HAL_RCC_GetPCLK1Freq)
    HAL_RCC_GetPCLK2Freq                     0x08001a19   Thumb Code    34  stm32f1xx_hal_rcc.o(.text.HAL_RCC_GetPCLK2Freq)
    HAL_RCC_GetSysClockFreq                  0x08001a3d   Thumb Code   228  stm32f1xx_hal_rcc.o(.text.HAL_RCC_GetSysClockFreq)
    HAL_RCC_OscConfig                        0x08001b21   Thumb Code  1658  stm32f1xx_hal_rcc.o(.text.HAL_RCC_OscConfig)
    HAL_SYSTICK_Config                       0x0800219d   Thumb Code    16  stm32f1xx_hal_cortex.o(.text.HAL_SYSTICK_Config)
    HAL_TIMEx_BreakCallback                  0x080021ad   Thumb Code     8  stm32f1xx_hal_tim_ex.o(.text.HAL_TIMEx_BreakCallback)
    HAL_TIMEx_CommutCallback                 0x080021b5   Thumb Code     8  stm32f1xx_hal_tim_ex.o(.text.HAL_TIMEx_CommutCallback)
    HAL_TIMEx_MasterConfigSynchronization    0x080021bd   Thumb Code   220  stm32f1xx_hal_tim_ex.o(.text.HAL_TIMEx_MasterConfigSynchronization)
    HAL_TIM_Base_Init                        0x08002299   Thumb Code   156  stm32f1xx_hal_tim.o(.text.HAL_TIM_Base_Init)
    HAL_TIM_Base_MspInit                     0x08002335   Thumb Code    72  tim.o(.text.HAL_TIM_Base_MspInit)
    HAL_TIM_Base_Start_IT                    0x0800237d   Thumb Code   176  stm32f1xx_hal_tim.o(.text.HAL_TIM_Base_Start_IT)
    HAL_TIM_ConfigClockSource                0x0800242d   Thumb Code   374  stm32f1xx_hal_tim.o(.text.HAL_TIM_ConfigClockSource)
    HAL_TIM_IC_CaptureCallback               0x080025a5   Thumb Code     8  stm32f1xx_hal_tim.o(.text.HAL_TIM_IC_CaptureCallback)
    HAL_TIM_IRQHandler                       0x080025ad   Thumb Code   634  stm32f1xx_hal_tim.o(.text.HAL_TIM_IRQHandler)
    HAL_TIM_OC_DelayElapsedCallback          0x08002829   Thumb Code     8  stm32f1xx_hal_tim.o(.text.HAL_TIM_OC_DelayElapsedCallback)
    HAL_TIM_PWM_PulseFinishedCallback        0x08002831   Thumb Code     8  stm32f1xx_hal_tim.o(.text.HAL_TIM_PWM_PulseFinishedCallback)
    HAL_TIM_PeriodElapsedCallback            0x08002839   Thumb Code    72  tim.o(.text.HAL_TIM_PeriodElapsedCallback)
    HAL_TIM_TriggerCallback                  0x08002881   Thumb Code     8  stm32f1xx_hal_tim.o(.text.HAL_TIM_TriggerCallback)
    HAL_UARTEx_RxEventCallback               0x08002889   Thumb Code    12  stm32f1xx_hal_uart.o(.text.HAL_UARTEx_RxEventCallback)
    HAL_UART_DMAStop                         0x08002895   Thumb Code   152  stm32f1xx_hal_uart.o(.text.HAL_UART_DMAStop)
    HAL_UART_ErrorCallback                   0x0800292d   Thumb Code     8  stm32f1xx_hal_uart.o(.text.HAL_UART_ErrorCallback)
    HAL_UART_IRQHandler                      0x08002935   Thumb Code   836  stm32f1xx_hal_uart.o(.text.HAL_UART_IRQHandler)
    HAL_UART_Init                            0x08002c79   Thumb Code   154  stm32f1xx_hal_uart.o(.text.HAL_UART_Init)
    HAL_UART_MspInit                         0x08002d15   Thumb Code   908  usart.o(.text.HAL_UART_MspInit)
    HAL_UART_Receive_DMA                     0x080030a1   Thumb Code   120  stm32f1xx_hal_uart.o(.text.HAL_UART_Receive_DMA)
    HAL_UART_RxCpltCallback                  0x08003119   Thumb Code     8  stm32f1xx_hal_uart.o(.text.HAL_UART_RxCpltCallback)
    HAL_UART_RxHalfCpltCallback              0x08003121   Thumb Code     8  stm32f1xx_hal_uart.o(.text.HAL_UART_RxHalfCpltCallback)
    HAL_UART_Transmit_DMA                    0x08003129   Thumb Code   246  stm32f1xx_hal_uart.o(.text.HAL_UART_Transmit_DMA)
    HAL_UART_TxCpltCallback                  0x08003221   Thumb Code     8  stm32f1xx_hal_uart.o(.text.HAL_UART_TxCpltCallback)
    HAL_UART_TxHalfCpltCallback              0x08003229   Thumb Code     8  stm32f1xx_hal_uart.o(.text.HAL_UART_TxHalfCpltCallback)
    HardFault_Handler                        0x08003231   Thumb Code     4  stm32f1xx_it.o(.text.HardFault_Handler)
    MX_DMA_Init                              0x08003235   Thumb Code   148  dma.o(.text.MX_DMA_Init)
    MX_GPIO_Init                             0x080032c9   Thumb Code    96  gpio.o(.text.MX_GPIO_Init)
    MX_TIM2_Init                             0x08003329   Thumb Code   128  tim.o(.text.MX_TIM2_Init)
    MX_USART1_UART_Init                      0x080033a9   Thumb Code    64  usart.o(.text.MX_USART1_UART_Init)
    MX_USART2_UART_Init                      0x080033e9   Thumb Code    64  usart.o(.text.MX_USART2_UART_Init)
    MX_USART3_UART_Init                      0x08003429   Thumb Code    64  usart.o(.text.MX_USART3_UART_Init)
    MemManage_Handler                        0x08003469   Thumb Code     4  stm32f1xx_it.o(.text.MemManage_Handler)
    NMI_Handler                              0x0800346d   Thumb Code     4  stm32f1xx_it.o(.text.NMI_Handler)
    PendSV_Handler                           0x080034dd   Thumb Code     2  stm32f1xx_it.o(.text.PendSV_Handler)
    SVC_Handler                              0x0800351d   Thumb Code     2  stm32f1xx_it.o(.text.SVC_Handler)
    SysTick_Handler                          0x08003575   Thumb Code     8  stm32f1xx_it.o(.text.SysTick_Handler)
    SystemClock_Config                       0x0800357d   Thumb Code   108  main.o(.text.SystemClock_Config)
    SystemInit                               0x080035e9   Thumb Code     2  system_stm32f1xx.o(.text.SystemInit)
    TIM2_IRQHandler                          0x080035ed   Thumb Code    16  stm32f1xx_it.o(.text.TIM2_IRQHandler)
    TIM_Base_SetConfig                       0x080035fd   Thumb Code   240  stm32f1xx_hal_tim.o(.text.TIM_Base_SetConfig)
    TIM_ETR_SetConfig                        0x080036ed   Thumb Code    52  stm32f1xx_hal_tim.o(.text.TIM_ETR_SetConfig)
    UART_Start_Receive_DMA                   0x08003c39   Thumb Code   192  stm32f1xx_hal_uart.o(.text.UART_Start_Receive_DMA)
    USART1_IRQHandler                        0x08003d8d   Thumb Code   132  stm32f1xx_it.o(.text.USART1_IRQHandler)
    USART2_IRQHandler                        0x08003e11   Thumb Code   132  stm32f1xx_it.o(.text.USART2_IRQHandler)
    USART3_IRQHandler                        0x08003e95   Thumb Code   134  stm32f1xx_it.o(.text.USART3_IRQHandler)
    UsageFault_Handler                       0x08003f1d   Thumb Code     4  stm32f1xx_it.o(.text.UsageFault_Handler)
    WiFi_Init                                0x08003f21   Thumb Code   194  main.o(.text.WiFi_Init)
    WiFi_Proc                                0x08003fe5   Thumb Code   206  main.o(.text.WiFi_Proc)
    main                                     0x08004175   Thumb Code   712  main.o(.text.main)
    split                                    0x0800443d   Thumb Code   138  main.o(.text.split)
    __0sprintf                               0x080044c9   Thumb Code    34  printfa.o(i.__0sprintf)
    __1sprintf                               0x080044c9   Thumb Code     0  printfa.o(i.__0sprintf)
    __2sprintf                               0x080044c9   Thumb Code     0  printfa.o(i.__0sprintf)
    __c89sprintf                             0x080044c9   Thumb Code     0  printfa.o(i.__0sprintf)
    sprintf                                  0x080044c9   Thumb Code     0  printfa.o(i.__0sprintf)
    __read_errno                             0x080044f1   Thumb Code     6  errno.o(i.__read_errno)
    __scatterload_copy                       0x080044fd   Thumb Code    14  handlers.o(i.__scatterload_copy)
    __scatterload_null                       0x0800450b   Thumb Code     2  handlers.o(i.__scatterload_null)
    __scatterload_zeroinit                   0x0800450d   Thumb Code    14  handlers.o(i.__scatterload_zeroinit)
    __set_errno                              0x0800451d   Thumb Code     6  errno.o(i.__set_errno)
    _is_digit                                0x080046ad   Thumb Code    14  scanf_fp.o(i._is_digit)
    atof                                     0x08004df5   Thumb Code    44  atof.o(i.atof)
    __ctype_categories                       0x08004e20   Data          64  ctype_c.o(.constdata)
    AHBPrescTable                            0x08004e60   Data          16  system_stm32f1xx.o(.rodata.AHBPrescTable)
    APBPrescTable                            0x08004e70   Data           8  system_stm32f1xx.o(.rodata.APBPrescTable)
    Region$$Table$$Base                      0x08004f00   Number         0  anon$$obj.o(Region$$Table)
    Region$$Table$$Limit                     0x08004f20   Number         0  anon$$obj.o(Region$$Table)
    SystemCoreClock                          0x20000008   Data           4  system_stm32f1xx.o(.data.SystemCoreClock)
    uwTickFreq                               0x2000000c   Data           1  stm32f1xx_hal.o(.data.uwTickFreq)
    uwTickPrio                               0x20000010   Data           4  stm32f1xx_hal.o(.data.uwTickPrio)
    directional_sign                         0x2000001c   Data           1  main.o(.bss.directional_sign)
    flag_500ms                               0x2000001e   Data           2  tim.o(.bss.flag_500ms)
    hdma_usart1_rx                           0x20000020   Data          68  usart.o(.bss.hdma_usart1_rx)
    hdma_usart1_tx                           0x20000064   Data          68  usart.o(.bss.hdma_usart1_tx)
    hdma_usart2_rx                           0x200000a8   Data          68  usart.o(.bss.hdma_usart2_rx)
    hdma_usart2_tx                           0x200000ec   Data          68  usart.o(.bss.hdma_usart2_tx)
    hdma_usart3_rx                           0x20000130   Data          68  usart.o(.bss.hdma_usart3_rx)
    hdma_usart3_tx                           0x20000174   Data          68  usart.o(.bss.hdma_usart3_tx)
    htim2                                    0x200001b8   Data          72  tim.o(.bss.htim2)
    huart1                                   0x20000200   Data          68  usart.o(.bss.huart1)
    huart2                                   0x20000244   Data          68  usart.o(.bss.huart2)
    huart3                                   0x20000288   Data          68  usart.o(.bss.huart3)
    jingdu                                   0x200002cc   Data           4  main.o(.bss.jingdu)
    temp                                     0x200002d0   Data          64  main.o(.bss.temp)
    uart1_data                               0x20000310   Data         266  usart.o(.bss.uart1_data)
    uart2_data                               0x2000041a   Data         266  usart.o(.bss.uart2_data)
    uart3_data                               0x20000524   Data         650  usart.o(.bss.uart3_data)
    ucmd                                     0x200007ae   Data          30  main.o(.bss.ucmd)
    uwTick                                   0x200007cc   Data           4  stm32f1xx_hal.o(.bss.uwTick)
    weidu                                    0x200007d0   Data           4  main.o(.bss.weidu)
    __initial_sp                             0x20000bd8   Data           0  startup_stm32f103xb.o(STACK)



==============================================================================

Memory Map of the image

  Image Entry point : 0x080000ed

  Load Region LR_IROM1 (Base: 0x08000000, Size: 0x00004f38, Max: 0x00010000, ABSOLUTE)

    Execution Region ER_IROM1 (Exec base: 0x08000000, Load base: 0x08000000, Size: 0x00004f20, Max: 0x00010000, ABSOLUTE)

    Exec Addr    Load Addr    Size         Type   Attr      Idx    E Section Name        Object

    0x08000000   0x08000000   0x000000ec   Data   RO            3    RESET               startup_stm32f103xb.o
    0x080000ec   0x080000ec   0x00000000   Code   RO         1029  * .ARM.Collect$$$$00000000  mc_w.l(entry.o)
    0x080000ec   0x080000ec   0x00000004   Code   RO         1076    .ARM.Collect$$$$00000001  mc_w.l(entry2.o)
    0x080000f0   0x080000f0   0x00000004   Code   RO         1079    .ARM.Collect$$$$00000004  mc_w.l(entry5.o)
    0x080000f4   0x080000f4   0x00000000   Code   RO         1081    .ARM.Collect$$$$00000008  mc_w.l(entry7b.o)
    0x080000f4   0x080000f4   0x00000000   Code   RO         1083    .ARM.Collect$$$$0000000A  mc_w.l(entry8b.o)
    0x080000f4   0x080000f4   0x00000008   Code   RO         1084    .ARM.Collect$$$$0000000B  mc_w.l(entry9a.o)
    0x080000fc   0x080000fc   0x00000000   Code   RO         1086    .ARM.Collect$$$$0000000D  mc_w.l(entry10a.o)
    0x080000fc   0x080000fc   0x00000000   Code   RO         1088    .ARM.Collect$$$$0000000F  mc_w.l(entry11a.o)
    0x080000fc   0x080000fc   0x00000004   Code   RO         1077    .ARM.Collect$$$$00002712  mc_w.l(entry2.o)
    0x08000100   0x08000100   0x00000024   Code   RO            4    .text               startup_stm32f103xb.o
    0x08000124   0x08000124   0x00000024   Code   RO         1032    .text               mc_w.l(memseta.o)
    0x08000148   0x08000148   0x0000000e   Code   RO         1034    .text               mc_w.l(strlen.o)
    0x08000156   0x08000156   0x00000002   PAD
    0x08000158   0x08000158   0x00000044   Code   RO         1036    .text               mc_w.l(strtok.o)
    0x0800019c   0x0800019c   0x000000de   Code   RO         1070    .text               mf_w.l(ddiv.o)
    0x0800027a   0x0800027a   0x00000026   Code   RO         1072    .text               mf_w.l(f2d.o)
    0x080002a0   0x080002a0   0x00000038   Code   RO         1074    .text               mf_w.l(d2f.o)
    0x080002d8   0x080002d8   0x0000002c   Code   RO         1104    .text               mc_w.l(uidiv.o)
    0x08000304   0x08000304   0x00000062   Code   RO         1106    .text               mc_w.l(uldiv.o)
    0x08000366   0x08000366   0x00000002   PAD
    0x08000368   0x08000368   0x000000a8   Code   RO         1115    .text               mc_w.l(strtod.o)
    0x08000410   0x08000410   0x00000000   Code   RO         1117    .text               mc_w.l(iusefp.o)
    0x08000410   0x08000410   0x0000006e   Code   RO         1118    .text               mf_w.l(fepilogue.o)
    0x0800047e   0x0800047e   0x000000ba   Code   RO         1120    .text               mf_w.l(depilogue.o)
    0x08000538   0x08000538   0x0000014e   Code   RO         1122    .text               mf_w.l(dadd.o)
    0x08000686   0x08000686   0x000000e4   Code   RO         1124    .text               mf_w.l(dmul.o)
    0x0800076a   0x0800076a   0x00000030   Code   RO         1126    .text               mf_w.l(dfixul.o)
    0x0800079a   0x0800079a   0x00000002   PAD
    0x0800079c   0x0800079c   0x00000030   Code   RO         1128    .text               mf_w.l(cdrcmple.o)
    0x080007cc   0x080007cc   0x00000030   Code   RO         1130    .text               mc_w.l(init.o)
    0x080007fc   0x080007fc   0x0000001e   Code   RO         1133    .text               mc_w.l(llshl.o)
    0x0800081a   0x0800081a   0x00000020   Code   RO         1135    .text               mc_w.l(llushr.o)
    0x0800083a   0x0800083a   0x00000024   Code   RO         1137    .text               mc_w.l(llsshr.o)
    0x0800085e   0x0800085e   0x0000000a   Code   RO         1139    .text               mc_w.l(isspace_c.o)
    0x08000868   0x08000868   0x00000360   Code   RO         1141    .text               mc_w.l(scanf_fp.o)
    0x08000bc8   0x08000bc8   0x00000040   Code   RO         1145    .text               mc_w.l(_sgetc.o)
    0x08000c08   0x08000c08   0x00000028   Code   RO         1148    .text               mc_w.l(ctype_c.o)
    0x08000c30   0x08000c30   0x00000018   Code   RO         1151    .text               mf_w.l(dfltul.o)
    0x08000c48   0x08000c48   0x00000004   Code   RO          109    .text.BusFault_Handler  stm32f1xx_it.o
    0x08000c4c   0x08000c4c   0x00000010   Code   RO          121    .text.DMA1_Channel2_IRQHandler  stm32f1xx_it.o
    0x08000c5c   0x08000c5c   0x00000010   Code   RO          123    .text.DMA1_Channel3_IRQHandler  stm32f1xx_it.o
    0x08000c6c   0x08000c6c   0x00000010   Code   RO          125    .text.DMA1_Channel4_IRQHandler  stm32f1xx_it.o
    0x08000c7c   0x08000c7c   0x00000010   Code   RO          127    .text.DMA1_Channel5_IRQHandler  stm32f1xx_it.o
    0x08000c8c   0x08000c8c   0x00000010   Code   RO          129    .text.DMA1_Channel6_IRQHandler  stm32f1xx_it.o
    0x08000c9c   0x08000c9c   0x00000010   Code   RO          131    .text.DMA1_Channel7_IRQHandler  stm32f1xx_it.o
    0x08000cac   0x08000cac   0x00000050   Code   RO          648    .text.DMA_SetConfig  stm32f1xx_hal_dma.o
    0x08000cfc   0x08000cfc   0x00000002   Code   RO          115    .text.DebugMon_Handler  stm32f1xx_it.o
    0x08000cfe   0x08000cfe   0x00000002   PAD
    0x08000d00   0x08000d00   0x0000000e   Code   RO           21    .text.Error_Handler  main.o
    0x08000d0e   0x08000d0e   0x00000002   PAD
    0x08000d10   0x08000d10   0x0000007c   Code   RO          652    .text.HAL_DMA_Abort  stm32f1xx_hal_dma.o
    0x08000d8c   0x08000d8c   0x0000011c   Code   RO          654    .text.HAL_DMA_Abort_IT  stm32f1xx_hal_dma.o
    0x08000ea8   0x08000ea8   0x00000286   Code   RO          658    .text.HAL_DMA_IRQHandler  stm32f1xx_hal_dma.o
    0x0800112e   0x0800112e   0x00000002   PAD
    0x08001130   0x08001130   0x000000ae   Code   RO          642    .text.HAL_DMA_Init  stm32f1xx_hal_dma.o
    0x080011de   0x080011de   0x00000002   PAD
    0x080011e0   0x080011e0   0x000000ca   Code   RO          650    .text.HAL_DMA_Start_IT  stm32f1xx_hal_dma.o
    0x080012aa   0x080012aa   0x00000002   PAD
    0x080012ac   0x080012ac   0x00000042   Code   RO          525    .text.HAL_Delay     stm32f1xx_hal.o
    0x080012ee   0x080012ee   0x00000002   PAD
    0x080012f0   0x080012f0   0x0000031e   Code   RO          619    .text.HAL_GPIO_Init  stm32f1xx_hal_gpio.o
    0x0800160e   0x0800160e   0x00000002   PAD
    0x08001610   0x08001610   0x0000000c   Code   RO          517    .text.HAL_GetTick   stm32f1xx_hal.o
    0x0800161c   0x0800161c   0x0000001a   Code   RO          515    .text.HAL_IncTick   stm32f1xx_hal.o
    0x08001636   0x08001636   0x00000002   PAD
    0x08001638   0x08001638   0x0000002c   Code   RO          505    .text.HAL_Init      stm32f1xx_hal.o
    0x08001664   0x08001664   0x00000070   Code   RO          507    .text.HAL_InitTick  stm32f1xx_hal.o
    0x080016d4   0x080016d4   0x00000064   Code   RO          148    .text.HAL_MspInit   stm32f1xx_hal_msp.o
    0x08001738   0x08001738   0x00000014   Code   RO          687    .text.HAL_NVIC_EnableIRQ  stm32f1xx_hal_cortex.o
    0x0800174c   0x0800174c   0x00000032   Code   RO          679    .text.HAL_NVIC_SetPriority  stm32f1xx_hal_cortex.o
    0x0800177e   0x0800177e   0x00000002   PAD
    0x08001780   0x08001780   0x00000010   Code   RO          675    .text.HAL_NVIC_SetPriorityGrouping  stm32f1xx_hal_cortex.o
    0x08001790   0x08001790   0x00000256   Code   RO          571    .text.HAL_RCC_ClockConfig  stm32f1xx_hal_rcc.o
    0x080019e6   0x080019e6   0x00000002   PAD
    0x080019e8   0x080019e8   0x0000000c   Code   RO          581    .text.HAL_RCC_GetHCLKFreq  stm32f1xx_hal_rcc.o
    0x080019f4   0x080019f4   0x00000022   Code   RO          583    .text.HAL_RCC_GetPCLK1Freq  stm32f1xx_hal_rcc.o
    0x08001a16   0x08001a16   0x00000002   PAD
    0x08001a18   0x08001a18   0x00000022   Code   RO          585    .text.HAL_RCC_GetPCLK2Freq  stm32f1xx_hal_rcc.o
    0x08001a3a   0x08001a3a   0x00000002   PAD
    0x08001a3c   0x08001a3c   0x000000e4   Code   RO          573    .text.HAL_RCC_GetSysClockFreq  stm32f1xx_hal_rcc.o
    0x08001b20   0x08001b20   0x0000067a   Code   RO          567    .text.HAL_RCC_OscConfig  stm32f1xx_hal_rcc.o
    0x0800219a   0x0800219a   0x00000002   PAD
    0x0800219c   0x0800219c   0x00000010   Code   RO          699    .text.HAL_SYSTICK_Config  stm32f1xx_hal_cortex.o
    0x080021ac   0x080021ac   0x00000008   Code   RO          492    .text.HAL_TIMEx_BreakCallback  stm32f1xx_hal_tim_ex.o
    0x080021b4   0x080021b4   0x00000008   Code   RO          488    .text.HAL_TIMEx_CommutCallback  stm32f1xx_hal_tim_ex.o
    0x080021bc   0x080021bc   0x000000dc   Code   RO          482    .text.HAL_TIMEx_MasterConfigSynchronization  stm32f1xx_hal_tim_ex.o
    0x08002298   0x08002298   0x0000009c   Code   RO          169    .text.HAL_TIM_Base_Init  stm32f1xx_hal_tim.o
    0x08002334   0x08002334   0x00000048   Code   RO           57    .text.HAL_TIM_Base_MspInit  tim.o
    0x0800237c   0x0800237c   0x000000b0   Code   RO          183    .text.HAL_TIM_Base_Start_IT  stm32f1xx_hal_tim.o
    0x0800242c   0x0800242c   0x00000176   Code   RO          361    .text.HAL_TIM_ConfigClockSource  stm32f1xx_hal_tim.o
    0x080025a2   0x080025a2   0x00000002   PAD
    0x080025a4   0x080025a4   0x00000008   Code   RO          305    .text.HAL_TIM_IC_CaptureCallback  stm32f1xx_hal_tim.o
    0x080025ac   0x080025ac   0x0000027a   Code   RO          303    .text.HAL_TIM_IRQHandler  stm32f1xx_hal_tim.o
    0x08002826   0x08002826   0x00000002   PAD
    0x08002828   0x08002828   0x00000008   Code   RO          307    .text.HAL_TIM_OC_DelayElapsedCallback  stm32f1xx_hal_tim.o
    0x08002830   0x08002830   0x00000008   Code   RO          309    .text.HAL_TIM_PWM_PulseFinishedCallback  stm32f1xx_hal_tim.o
    0x08002838   0x08002838   0x00000048   Code   RO           61    .text.HAL_TIM_PeriodElapsedCallback  tim.o
    0x08002880   0x08002880   0x00000008   Code   RO          313    .text.HAL_TIM_TriggerCallback  stm32f1xx_hal_tim.o
    0x08002888   0x08002888   0x0000000c   Code   RO          973    .text.HAL_UARTEx_RxEventCallback  stm32f1xx_hal_uart.o
    0x08002894   0x08002894   0x00000098   Code   RO          927    .text.HAL_UART_DMAStop  stm32f1xx_hal_uart.o
    0x0800292c   0x0800292c   0x00000008   Code   RO          971    .text.HAL_UART_ErrorCallback  stm32f1xx_hal_uart.o
    0x08002934   0x08002934   0x00000344   Code   RO          965    .text.HAL_UART_IRQHandler  stm32f1xx_hal_uart.o
    0x08002c78   0x08002c78   0x0000009a   Code   RO          883    .text.HAL_UART_Init  stm32f1xx_hal_uart.o
    0x08002d12   0x08002d12   0x00000002   PAD
    0x08002d14   0x08002d14   0x0000038c   Code   RO           80    .text.HAL_UART_MspInit  usart.o
    0x080030a0   0x080030a0   0x00000078   Code   RO          919    .text.HAL_UART_Receive_DMA  stm32f1xx_hal_uart.o
    0x08003118   0x08003118   0x00000008   Code   RO          983    .text.HAL_UART_RxCpltCallback  stm32f1xx_hal_uart.o
    0x08003120   0x08003120   0x00000008   Code   RO          985    .text.HAL_UART_RxHalfCpltCallback  stm32f1xx_hal_uart.o
    0x08003128   0x08003128   0x000000f6   Code   RO          911    .text.HAL_UART_Transmit_DMA  stm32f1xx_hal_uart.o
    0x0800321e   0x0800321e   0x00000002   PAD
    0x08003220   0x08003220   0x00000008   Code   RO          979    .text.HAL_UART_TxCpltCallback  stm32f1xx_hal_uart.o
    0x08003228   0x08003228   0x00000008   Code   RO          981    .text.HAL_UART_TxHalfCpltCallback  stm32f1xx_hal_uart.o
    0x08003230   0x08003230   0x00000004   Code   RO          105    .text.HardFault_Handler  stm32f1xx_it.o
    0x08003234   0x08003234   0x00000094   Code   RO           47    .text.MX_DMA_Init   dma.o
    0x080032c8   0x080032c8   0x00000060   Code   RO           39    .text.MX_GPIO_Init  gpio.o
    0x08003328   0x08003328   0x00000080   Code   RO           55    .text.MX_TIM2_Init  tim.o
    0x080033a8   0x080033a8   0x00000040   Code   RO           74    .text.MX_USART1_UART_Init  usart.o
    0x080033e8   0x080033e8   0x00000040   Code   RO           76    .text.MX_USART2_UART_Init  usart.o
    0x08003428   0x08003428   0x00000040   Code   RO           78    .text.MX_USART3_UART_Init  usart.o
    0x08003468   0x08003468   0x00000004   Code   RO          107    .text.MemManage_Handler  stm32f1xx_it.o
    0x0800346c   0x0800346c   0x00000004   Code   RO          103    .text.NMI_Handler   stm32f1xx_it.o
    0x08003470   0x08003470   0x0000006c   Code   RO          685    .text.NVIC_EncodePriority  stm32f1xx_hal_cortex.o
    0x080034dc   0x080034dc   0x00000002   Code   RO          117    .text.PendSV_Handler  stm32f1xx_it.o
    0x080034de   0x080034de   0x00000002   PAD
    0x080034e0   0x080034e0   0x0000003a   Code   RO          569    .text.RCC_Delay     stm32f1xx_hal_rcc.o
    0x0800351a   0x0800351a   0x00000002   PAD
    0x0800351c   0x0800351c   0x00000002   Code   RO          113    .text.SVC_Handler   stm32f1xx_it.o
    0x0800351e   0x0800351e   0x00000002   PAD
    0x08003520   0x08003520   0x00000052   Code   RO          701    .text.SysTick_Config  stm32f1xx_hal_cortex.o
    0x08003572   0x08003572   0x00000002   PAD
    0x08003574   0x08003574   0x00000008   Code   RO          119    .text.SysTick_Handler  stm32f1xx_it.o
    0x0800357c   0x0800357c   0x0000006c   Code   RO           13    .text.SystemClock_Config  main.o
    0x080035e8   0x080035e8   0x00000002   Code   RO         1012    .text.SystemInit    system_stm32f1xx.o
    0x080035ea   0x080035ea   0x00000002   PAD
    0x080035ec   0x080035ec   0x00000010   Code   RO          133    .text.TIM2_IRQHandler  stm32f1xx_it.o
    0x080035fc   0x080035fc   0x000000f0   Code   RO          173    .text.TIM_Base_SetConfig  stm32f1xx_hal_tim.o
    0x080036ec   0x080036ec   0x00000034   Code   RO          359    .text.TIM_ETR_SetConfig  stm32f1xx_hal_tim.o
    0x08003720   0x08003720   0x0000002a   Code   RO          365    .text.TIM_ITRx_SetConfig  stm32f1xx_hal_tim.o
    0x0800374a   0x0800374a   0x00000002   PAD
    0x0800374c   0x0800374c   0x00000050   Code   RO          363    .text.TIM_TI1_ConfigInputStage  stm32f1xx_hal_tim.o
    0x0800379c   0x0800379c   0x00000052   Code   RO          367    .text.TIM_TI2_ConfigInputStage  stm32f1xx_hal_tim.o
    0x080037ee   0x080037ee   0x00000002   PAD
    0x080037f0   0x080037f0   0x00000020   Code   RO          969    .text.UART_DMAAbortOnError  stm32f1xx_hal_uart.o
    0x08003810   0x08003810   0x0000007c   Code   RO          917    .text.UART_DMAError  stm32f1xx_hal_uart.o
    0x0800388c   0x0800388c   0x00000086   Code   RO         1001    .text.UART_DMAReceiveCplt  stm32f1xx_hal_uart.o
    0x08003912   0x08003912   0x00000002   PAD
    0x08003914   0x08003914   0x0000002e   Code   RO         1003    .text.UART_DMARxHalfCplt  stm32f1xx_hal_uart.o
    0x08003942   0x08003942   0x00000002   PAD
    0x08003944   0x08003944   0x00000046   Code   RO          913    .text.UART_DMATransmitCplt  stm32f1xx_hal_uart.o
    0x0800398a   0x0800398a   0x00000002   PAD
    0x0800398c   0x0800398c   0x00000016   Code   RO          915    .text.UART_DMATxHalfCplt  stm32f1xx_hal_uart.o
    0x080039a2   0x080039a2   0x00000002   PAD
    0x080039a4   0x080039a4   0x00000046   Code   RO          931    .text.UART_EndRxTransfer  stm32f1xx_hal_uart.o
    0x080039ea   0x080039ea   0x00000002   PAD
    0x080039ec   0x080039ec   0x00000026   Code   RO          977    .text.UART_EndTransmit_IT  stm32f1xx_hal_uart.o
    0x08003a12   0x08003a12   0x00000002   PAD
    0x08003a14   0x08003a14   0x0000001c   Code   RO          929    .text.UART_EndTxTransfer  stm32f1xx_hal_uart.o
    0x08003a30   0x08003a30   0x0000014a   Code   RO          967    .text.UART_Receive_IT  stm32f1xx_hal_uart.o
    0x08003b7a   0x08003b7a   0x00000002   PAD
    0x08003b7c   0x08003b7c   0x000000ba   Code   RO          887    .text.UART_SetConfig  stm32f1xx_hal_uart.o
    0x08003c36   0x08003c36   0x00000002   PAD
    0x08003c38   0x08003c38   0x000000c0   Code   RO          921    .text.UART_Start_Receive_DMA  stm32f1xx_hal_uart.o
    0x08003cf8   0x08003cf8   0x00000094   Code   RO          975    .text.UART_Transmit_IT  stm32f1xx_hal_uart.o
    0x08003d8c   0x08003d8c   0x00000084   Code   RO          135    .text.USART1_IRQHandler  stm32f1xx_it.o
    0x08003e10   0x08003e10   0x00000084   Code   RO          137    .text.USART2_IRQHandler  stm32f1xx_it.o
    0x08003e94   0x08003e94   0x00000086   Code   RO          139    .text.USART3_IRQHandler  stm32f1xx_it.o
    0x08003f1a   0x08003f1a   0x00000002   PAD
    0x08003f1c   0x08003f1c   0x00000004   Code   RO          111    .text.UsageFault_Handler  stm32f1xx_it.o
    0x08003f20   0x08003f20   0x000000c2   Code   RO           15    .text.WiFi_Init     main.o
    0x08003fe2   0x08003fe2   0x00000002   PAD
    0x08003fe4   0x08003fe4   0x000000ce   Code   RO           19    .text.WiFi_Proc     main.o
    0x080040b2   0x080040b2   0x00000002   PAD
    0x080040b4   0x080040b4   0x00000030   Code   RO          689    .text.__NVIC_EnableIRQ  stm32f1xx_hal_cortex.o
    0x080040e4   0x080040e4   0x00000010   Code   RO          681    .text.__NVIC_GetPriorityGrouping  stm32f1xx_hal_cortex.o
    0x080040f4   0x080040f4   0x00000042   Code   RO          683    .text.__NVIC_SetPriority  stm32f1xx_hal_cortex.o
    0x08004136   0x08004136   0x00000002   PAD
    0x08004138   0x08004138   0x0000003c   Code   RO          677    .text.__NVIC_SetPriorityGrouping  stm32f1xx_hal_cortex.o
    0x08004174   0x08004174   0x000002c8   Code   RO           11    .text.main          main.o
    0x0800443c   0x0800443c   0x0000008a   Code   RO           17    .text.split         main.o
    0x080044c6   0x080044c6   0x00000002   PAD
    0x080044c8   0x080044c8   0x00000028   Code   RO         1045    i.__0sprintf        mc_w.l(printfa.o)
    0x080044f0   0x080044f0   0x0000000c   Code   RO         1109    i.__read_errno      mc_w.l(errno.o)
    0x080044fc   0x080044fc   0x0000000e   Code   RO         1155    i.__scatterload_copy  mc_w.l(handlers.o)
    0x0800450a   0x0800450a   0x00000002   Code   RO         1156    i.__scatterload_null  mc_w.l(handlers.o)
    0x0800450c   0x0800450c   0x0000000e   Code   RO         1157    i.__scatterload_zeroinit  mc_w.l(handlers.o)
    0x0800451a   0x0800451a   0x00000002   PAD
    0x0800451c   0x0800451c   0x0000000c   Code   RO         1110    i.__set_errno       mc_w.l(errno.o)
    0x08004528   0x08004528   0x00000184   Code   RO         1050    i._fp_digits        mc_w.l(printfa.o)
    0x080046ac   0x080046ac   0x0000000e   Code   RO         1143    i._is_digit         mc_w.l(scanf_fp.o)
    0x080046ba   0x080046ba   0x00000002   PAD
    0x080046bc   0x080046bc   0x000006dc   Code   RO         1051    i._printf_core      mc_w.l(printfa.o)
    0x08004d98   0x08004d98   0x00000024   Code   RO         1052    i._printf_post_padding  mc_w.l(printfa.o)
    0x08004dbc   0x08004dbc   0x0000002e   Code   RO         1053    i._printf_pre_padding  mc_w.l(printfa.o)
    0x08004dea   0x08004dea   0x0000000a   Code   RO         1055    i._sputc            mc_w.l(printfa.o)
    0x08004df4   0x08004df4   0x0000002c   Code   RO         1026    i.atof              m_ws.l(atof.o)
    0x08004e20   0x08004e20   0x00000040   Data   RO         1149    .constdata          mc_w.l(ctype_c.o)
    0x08004e60   0x08004e60   0x00000010   Data   RO         1017    .rodata.AHBPrescTable  system_stm32f1xx.o
    0x08004e70   0x08004e70   0x00000008   Data   RO         1018    .rodata.APBPrescTable  system_stm32f1xx.o
    0x08004e78   0x08004e78   0x00000085   Data   RO           24    .rodata.str1.1      main.o
    0x08004efd   0x08004efd   0x00000003   PAD
    0x08004f00   0x08004f00   0x00000020   Data   RO         1154    Region$$Table       anon$$obj.o


    Execution Region RW_IRAM1 (Exec base: 0x20000000, Load base: 0x08004f20, Size: 0x00000bd8, Max: 0x00005000, ABSOLUTE)

    Exec Addr    Load Addr    Size         Type   Attr      Idx    E Section Name        Object

    0x20000000   0x08004f20   0x00000004   Data   RW         1037    .data               mc_w.l(strtok.o)
    0x20000004   0x08004f24   0x00000004   Data   RW         1111    .data               mc_w.l(errno.o)
    0x20000008   0x08004f28   0x00000004   Data   RW         1016    .data.SystemCoreClock  system_stm32f1xx.o
    0x2000000c   0x08004f2c   0x00000001   Data   RW          556    .data.uwTickFreq    stm32f1xx_hal.o
    0x2000000d   0x08004f2d   0x00000003   PAD
    0x20000010   0x08004f30   0x00000004   Data   RW          555    .data.uwTickPrio    stm32f1xx_hal.o
    0x20000014   0x08004f34   0x00000004   PAD
    0x20000018        -       0x00000004   Zero   RW           64    .bss.HAL_TIM_PeriodElapsedCallback.i  tim.o
    0x2000001c        -       0x00000001   Zero   RW           23    .bss.directional_sign  main.o
    0x2000001d   0x08004f34   0x00000001   PAD
    0x2000001e        -       0x00000002   Zero   RW           65    .bss.flag_500ms     tim.o
    0x20000020        -       0x00000044   Zero   RW           87    .bss.hdma_usart1_rx  usart.o
    0x20000064        -       0x00000044   Zero   RW           88    .bss.hdma_usart1_tx  usart.o
    0x200000a8        -       0x00000044   Zero   RW           89    .bss.hdma_usart2_rx  usart.o
    0x200000ec        -       0x00000044   Zero   RW           90    .bss.hdma_usart2_tx  usart.o
    0x20000130        -       0x00000044   Zero   RW           91    .bss.hdma_usart3_rx  usart.o
    0x20000174        -       0x00000044   Zero   RW           92    .bss.hdma_usart3_tx  usart.o
    0x200001b8        -       0x00000048   Zero   RW           63    .bss.htim2          tim.o
    0x20000200        -       0x00000044   Zero   RW           84    .bss.huart1         usart.o
    0x20000244        -       0x00000044   Zero   RW           85    .bss.huart2         usart.o
    0x20000288        -       0x00000044   Zero   RW           86    .bss.huart3         usart.o
    0x200002cc        -       0x00000004   Zero   RW           27    .bss.jingdu         main.o
    0x200002d0        -       0x00000040   Zero   RW           25    .bss.temp           main.o
    0x20000310        -       0x0000010a   Zero   RW           93    .bss.uart1_data     usart.o
    0x2000041a        -       0x0000010a   Zero   RW           94    .bss.uart2_data     usart.o
    0x20000524        -       0x0000028a   Zero   RW           95    .bss.uart3_data     usart.o
    0x200007ae        -       0x0000001e   Zero   RW           28    .bss.ucmd           main.o
    0x200007cc        -       0x00000004   Zero   RW          557    .bss.uwTick         stm32f1xx_hal.o
    0x200007d0        -       0x00000004   Zero   RW           26    .bss.weidu          main.o
    0x200007d4   0x08004f34   0x00000004   PAD
    0x200007d8        -       0x00000400   Zero   RW            1    STACK               startup_stm32f103xb.o


==============================================================================

Image component sizes


      Code (inc. data)   RO Data    RW Data    ZI Data      Debug   Object Name

       148          0          0          0          0       2069   dma.o
        96          0          0          0          0       1028   gpio.o
      1372          0        133          0        103       3277   main.o
        36          8        236          0       1024        828   startup_stm32f103xb.o
       260          0          0          5          4       5625   stm32f1xx_hal.o
       482          0          0          0          0       7607   stm32f1xx_hal_cortex.o
      1510          0          0          0          0       6355   stm32f1xx_hal_dma.o
       798          0          0          0          0       4283   stm32f1xx_hal_gpio.o
       100          0          0          0          0       1260   stm32f1xx_hal_msp.o
      2622          0          0          0          0       7470   stm32f1xx_hal_rcc.o
      1868          0          0          0          0      34735   stm32f1xx_hal_tim.o
       236          0          0          0          0      14869   stm32f1xx_hal_tim_ex.o
      2980          0          0          0          0      17910   stm32f1xx_hal_uart.o
       544          0          0          0          0       2615   stm32f1xx_it.o
         2          0         24          4          0       1628   system_stm32f1xx.o
       272          0          0          0         78       5897   tim.o
      1100          0          0          0       1794       6939   usart.o

    ----------------------------------------------------------------------
     14500          8        428         12       3012     124395   Object Totals
         0          0         32          0          0          0   (incl. Generated)
        74          0          3          3          9          0   (incl. Padding)

    ----------------------------------------------------------------------

      Code (inc. data)   RO Data    RW Data    ZI Data      Debug   Library Member Name

        44          0          0          0          0         84   atof.o
        64          0          0          0          0         84   _sgetc.o
        40          6         64          0          0         68   ctype_c.o
         0          0          0          0          0          0   entry.o
         0          0          0          0          0          0   entry10a.o
         0          0          0          0          0          0   entry11a.o
         8          4          0          0          0          0   entry2.o
         4          0          0          0          0          0   entry5.o
         0          0          0          0          0          0   entry7b.o
         0          0          0          0          0          0   entry8b.o
         8          4          0          0          0          0   entry9a.o
        24         12          0          4          0        136   errno.o
        30          0          0          0          0          0   handlers.o
        48         10          0          0          0         68   init.o
        10          0          0          0          0         68   isspace_c.o
         0          0          0          0          0          0   iusefp.o
        30          0          0          0          0         68   llshl.o
        36          0          0          0          0         68   llsshr.o
        32          0          0          0          0         68   llushr.o
        36          0          0          0          0        108   memseta.o
      2276         86          0          0          0        520   printfa.o
       878         12          0          0          0        216   scanf_fp.o
        14          0          0          0          0         68   strlen.o
       168         12          0          0          0        124   strtod.o
        68          6          0          4          0         80   strtok.o
        44          0          0          0          0         80   uidiv.o
        98          0          0          0          0         92   uldiv.o
        48          0          0          0          0         68   cdrcmple.o
        56          0          0          0          0         88   d2f.o
       334          0          0          0          0        148   dadd.o
       222          0          0          0          0        100   ddiv.o
       186          0          0          0          0        176   depilogue.o
        48          0          0          0          0         68   dfixul.o
        24          0          0          0          0         76   dfltul.o
       228          0          0          0          0         96   dmul.o
        38          0          0          0          0         68   f2d.o
       110          0          0          0          0        168   fepilogue.o

    ----------------------------------------------------------------------
      5264        152         64          8          0       3056   Library Totals
        10          0          0          0          0          0   (incl. Padding)

    ----------------------------------------------------------------------

      Code (inc. data)   RO Data    RW Data    ZI Data      Debug   Library Name

        44          0          0          0          0         84   m_ws.l
      3916        152         64          8          0       1916   mc_w.l
      1294          0          0          0          0       1056   mf_w.l

    ----------------------------------------------------------------------
      5264        152         64          8          0       3056   Library Totals

    ----------------------------------------------------------------------

==============================================================================


      Code (inc. data)   RO Data    RW Data    ZI Data      Debug   

     19764        160        492         20       3012     125743   Grand Totals
     19764        160        492         20       3012     125743   ELF Image Totals
     19764        160        492         20          0          0   ROM Totals

==============================================================================

    Total RO  Size (Code + RO Data)                20256 (  19.78kB)
    Total RW  Size (RW Data + ZI Data)              3032 (   2.96kB)
    Total ROM Size (Code + RO Data + RW Data)      20276 (  19.80kB)

==============================================================================

